../Core/UART/USRT_program.c:23:11:AsciToHex	24	static
../Core/UART/USRT_program.c:38:6:MUSRT1_voidInit	8	static
../Core/UART/USRT_program.c:56:6:MUSRT2_voidInit	4	static
../Core/UART/USRT_program.c:70:6:MUSRT1_voidInterrputEnable	8	static
../Core/UART/USRT_program.c:78:6:MUSRT2_voidInterrputEnable	8	static
../Core/UART/USRT_program.c:86:6:MUSRT1_voidInterrputDisable	8	static
../Core/UART/USRT_program.c:92:6:MUSRT2_voidInterrputDisable	8	static
../Core/UART/USRT_program.c:100:7:MUSRT1_voidTransimtChr	16	static
../Core/UART/USRT_program.c:108:7:MUSRT2_voidTransimtChr	16	static
../Core/UART/USRT_program.c:117:7:MUSRT1_voidTransimtString	16	static
../Core/UART/USRT_program.c:132:4:MUSART1_u8RecieveChr	16	static
../Core/UART/USRT_program.c:145:4:MUSART2_u8RecieveChr	16	static
../Core/UART/USRT_program.c:158:24:MUSART1_u8RecieveHex	32	static
../Core/UART/USRT_program.c:188:6:MUSART1_u8RecieveUDSAsys	24	static
../Core/UART/USRT_program.c:195:6:MUSART1_u8RecieveChrAsys	16	static
../Core/UART/USRT_program.c:201:6:MUSART2_u8RecieveChrAsys	16	static
../Core/UART/USRT_program.c:207:6:USART1_IRQHandler	16	static
../Core/UART/USRT_program.c:240:6:USART2_IRQHandler	4	static
