../Core/CAN/CAN_config.h:37:5:Std_id_High	16	static
../Core/CAN/CAN_config.h:41:6:CAN_FilterConfig	48	static
../Core/CAN/CAN_program.c:43:6:CAN_voidInit	8	static
../Core/CAN/CAN_program.c:125:6:CAN_voidAddTxMsg	24	static
../Core/CAN/CAN_program.c:183:6:CAN_voidStart	4	static
../Core/CAN/CAN_program.c:192:6:CAN_voidGetRxMsg	32	static
../Core/CAN/CAN_program.c:250:4:CAN_voidRXPending	16	static
../Core/CAN/CAN_program.c:266:6:CAN_voidConfigFilter	24	static
../Core/CAN/CAN_program.c:355:5:CAN_voidGetErrorCode	16	static
../Core/CAN/CAN_program.c:387:6:CAN_voidEnableInterrupt	16	static
../Core/CAN/CAN_program.c:392:6:CAN_voidDisableInterrupt	16	static
../Core/CAN/CAN_program.c:405:6:CAN_voidTX_Interrupt_Handler	16	static
../Core/CAN/CAN_program.c:474:6:CAN_voidRX_FIFO0_Interrupt_Handler	24	static
../Core/CAN/CAN_program.c:526:6:CAN_voidRX_FIFO1_Interrupt_Handler	24	static
../Core/CAN/CAN_program.c:579:6:CAN_voidSCE_Interrupt_Handler	24	static
../Core/CAN/CAN_program.c:728:28:CAN_TxMailbox1CompleteCallback	4	static
../Core/CAN/CAN_program.c:732:28:CAN_TxMailbox2CompleteCallback	4	static
../Core/CAN/CAN_program.c:736:28:CAN_TxMailbox0AbortCallback	4	static
../Core/CAN/CAN_program.c:740:28:CAN_TxMailbox1AbortCallback	4	static
../Core/CAN/CAN_program.c:744:28:CAN_TxMailbox2AbortCallback	4	static
../Core/CAN/CAN_program.c:752:28:CAN_RxFifo0FullCallback	4	static
../Core/CAN/CAN_program.c:757:28:CAN_RxFifo1MsgPendingCallback	4	static
../Core/CAN/CAN_program.c:761:28:CAN_RxFifo1FullCallback	4	static
../Core/CAN/CAN_program.c:765:28:CAN_SleepCallback	4	static
../Core/CAN/CAN_program.c:769:28:CAN_WakeUpFromRxMsgCallback	4	static
../Core/CAN/CAN_program.c:782:6:USB_HP_CAN1_TX_IRQHandler	8	static
../Core/CAN/CAN_program.c:786:6:USB_LP_CAN1_RX0_IRQHandler	8	static
../Core/CAN/CAN_program.c:790:6:CAN1_RX1_IRQHandler	8	static
../Core/CAN/CAN_program.c:794:6:CAN1_SCE_IRQHandler	8	static
../Core/CAN/CAN_program.c:799:6:CAN_TX	40	static
../Core/CAN/CAN_program.c:814:6:CAN_RX	40	static
../Core/CAN/CAN_program.c:832:6:CAN_Interrupt	8	static
../Core/CAN/CAN_program.c:843:6:CAN_TxMailbox0CompleteCallback	4	static
../Core/CAN/CAN_program.c:854:6:CAN_Buffer	24	static
../Core/CAN/CAN_program.c:862:6:CAN_RxAsy	16	static
../Core/CAN/CAN_program.c:868:6:CAN_voidCallBack	16	static
../Core/CAN/CAN_program.c:872:6:CAN_RxFifo0MsgPendingCallback	8	static
../Core/CAN/CAN_program.c:888:6:CAN_ErrorCallback	16	static
