../Core/UDSM/UDSM_program.c:190:6:UDSM_voidInit	8	static
../Core/UDSM/UDSM_program.c:206:6:UDSM_voidRecieveAsy	16	static
../Core/UDSM/UDSM_program.c:212:9:Packet_DecodeSm	24	static
../Core/UDSM/UDSM_program.c:233:9:Packet_encodeSm	24	static
../Core/UDSM/UDSM_program.c:257:9:Packet_Process	24	static
../Core/UDSM/UDSM_program.c:281:6:UDSM_voidResponse	16	static
../Core/UDSM/UDSM_program.c:321:9:Packet_SID_De	24	static
../Core/UDSM/UDSM_program.c:332:9:Packet_SUB_ID_De	24	static
../Core/UDSM/UDSM_program.c:348:9:Packet_DATA_De	24	static
../Core/UDSM/UDSM_program.c:372:9:Packet_SID_En	24	static
../Core/UDSM/UDSM_program.c:380:9:Packet_SUB_ID_En	24	static
../Core/UDSM/UDSM_program.c:397:9:Packet_DATA_En	24	static
../Core/UDSM/UDSM_program.c:421:6:Packet_SmReset_de	4	static
../Core/UDSM/UDSM_program.c:426:6:Packet_SmReset_en	4	static
../Core/UDSM/UDSM_program.c:431:9:Read_ID	24	static
../Core/UDSM/UDSM_program.c:482:9:Session_Control_fun	16	static
../Core/UDSM/UDSM_program.c:510:9:Tester_Represent	16	static
../Core/UDSM/UDSM_program.c:519:9:Write_ID	24	static
../Core/UDSM/UDSM_program.c:567:9:Security_Access_fun	24	static
../Core/UDSM/UDSM_program.c:608:11:generateRandomByte	16	static
../Core/UDSM/UDSM_program.c:618:12:UDSM_voidCheckBuffer	8	static
../Core/UDSM/UDSM_program.c:629:6:UDSM_voidTiming	16	static
