Archive member included to satisfy reference by file (symbol)

C:/ST/STM32CubeIDE_1.14.1/STM32CubeIDE/plugins/com.st.stm32cube.ide.mcu.externaltools.gnu-tools-for-stm32.11.3.rel1.win32_1.1.100.202309141235/tools/bin/../lib/gcc/arm-none-eabi/11.3.1/../../../../arm-none-eabi/lib/thumb/v7-m/nofp\libc_nano.a(libc_a-exit.o)
                              C:/ST/STM32CubeIDE_1.14.1/STM32CubeIDE/plugins/com.st.stm32cube.ide.mcu.externaltools.gnu-tools-for-stm32.11.3.rel1.win32_1.1.100.202309141235/tools/bin/../lib/gcc/arm-none-eabi/11.3.1/../../../../arm-none-eabi/lib/thumb/v7-m/nofp/crt0.o (exit)
C:/ST/STM32CubeIDE_1.14.1/STM32CubeIDE/plugins/com.st.stm32cube.ide.mcu.externaltools.gnu-tools-for-stm32.11.3.rel1.win32_1.1.100.202309141235/tools/bin/../lib/gcc/arm-none-eabi/11.3.1/../../../../arm-none-eabi/lib/thumb/v7-m/nofp\libc_nano.a(libc_a-rand.o)
                              ./Core/UDSM/UDSM_program.o (srand)
C:/ST/STM32CubeIDE_1.14.1/STM32CubeIDE/plugins/com.st.stm32cube.ide.mcu.externaltools.gnu-tools-for-stm32.11.3.rel1.win32_1.1.100.202309141235/tools/bin/../lib/gcc/arm-none-eabi/11.3.1/../../../../arm-none-eabi/lib/thumb/v7-m/nofp\libc_nano.a(libc_a-findfp.o)
                              C:/ST/STM32CubeIDE_1.14.1/STM32CubeIDE/plugins/com.st.stm32cube.ide.mcu.externaltools.gnu-tools-for-stm32.11.3.rel1.win32_1.1.100.202309141235/tools/bin/../lib/gcc/arm-none-eabi/11.3.1/../../../../arm-none-eabi/lib/thumb/v7-m/nofp\libc_nano.a(libc_a-exit.o) (__stdio_exit_handler)
C:/ST/STM32CubeIDE_1.14.1/STM32CubeIDE/plugins/com.st.stm32cube.ide.mcu.externaltools.gnu-tools-for-stm32.11.3.rel1.win32_1.1.100.202309141235/tools/bin/../lib/gcc/arm-none-eabi/11.3.1/../../../../arm-none-eabi/lib/thumb/v7-m/nofp\libc_nano.a(libc_a-fwalk.o)
                              C:/ST/STM32CubeIDE_1.14.1/STM32CubeIDE/plugins/com.st.stm32cube.ide.mcu.externaltools.gnu-tools-for-stm32.11.3.rel1.win32_1.1.100.202309141235/tools/bin/../lib/gcc/arm-none-eabi/11.3.1/../../../../arm-none-eabi/lib/thumb/v7-m/nofp\libc_nano.a(libc_a-findfp.o) (_fwalk_sglue)
C:/ST/STM32CubeIDE_1.14.1/STM32CubeIDE/plugins/com.st.stm32cube.ide.mcu.externaltools.gnu-tools-for-stm32.11.3.rel1.win32_1.1.100.202309141235/tools/bin/../lib/gcc/arm-none-eabi/11.3.1/../../../../arm-none-eabi/lib/thumb/v7-m/nofp\libc_nano.a(libc_a-stdio.o)
                              C:/ST/STM32CubeIDE_1.14.1/STM32CubeIDE/plugins/com.st.stm32cube.ide.mcu.externaltools.gnu-tools-for-stm32.11.3.rel1.win32_1.1.100.202309141235/tools/bin/../lib/gcc/arm-none-eabi/11.3.1/../../../../arm-none-eabi/lib/thumb/v7-m/nofp\libc_nano.a(libc_a-findfp.o) (__sread)
C:/ST/STM32CubeIDE_1.14.1/STM32CubeIDE/plugins/com.st.stm32cube.ide.mcu.externaltools.gnu-tools-for-stm32.11.3.rel1.win32_1.1.100.202309141235/tools/bin/../lib/gcc/arm-none-eabi/11.3.1/../../../../arm-none-eabi/lib/thumb/v7-m/nofp\libc_nano.a(libc_a-memset.o)
                              C:/ST/STM32CubeIDE_1.14.1/STM32CubeIDE/plugins/com.st.stm32cube.ide.mcu.externaltools.gnu-tools-for-stm32.11.3.rel1.win32_1.1.100.202309141235/tools/bin/../lib/gcc/arm-none-eabi/11.3.1/../../../../arm-none-eabi/lib/thumb/v7-m/nofp/crt0.o (memset)
C:/ST/STM32CubeIDE_1.14.1/STM32CubeIDE/plugins/com.st.stm32cube.ide.mcu.externaltools.gnu-tools-for-stm32.11.3.rel1.win32_1.1.100.202309141235/tools/bin/../lib/gcc/arm-none-eabi/11.3.1/../../../../arm-none-eabi/lib/thumb/v7-m/nofp\libc_nano.a(libc_a-time.o)
                              ./Core/UDSM/UDSM_program.o (time)
C:/ST/STM32CubeIDE_1.14.1/STM32CubeIDE/plugins/com.st.stm32cube.ide.mcu.externaltools.gnu-tools-for-stm32.11.3.rel1.win32_1.1.100.202309141235/tools/bin/../lib/gcc/arm-none-eabi/11.3.1/../../../../arm-none-eabi/lib/thumb/v7-m/nofp\libc_nano.a(libc_a-closer.o)
                              C:/ST/STM32CubeIDE_1.14.1/STM32CubeIDE/plugins/com.st.stm32cube.ide.mcu.externaltools.gnu-tools-for-stm32.11.3.rel1.win32_1.1.100.202309141235/tools/bin/../lib/gcc/arm-none-eabi/11.3.1/../../../../arm-none-eabi/lib/thumb/v7-m/nofp\libc_nano.a(libc_a-stdio.o) (_close_r)
C:/ST/STM32CubeIDE_1.14.1/STM32CubeIDE/plugins/com.st.stm32cube.ide.mcu.externaltools.gnu-tools-for-stm32.11.3.rel1.win32_1.1.100.202309141235/tools/bin/../lib/gcc/arm-none-eabi/11.3.1/../../../../arm-none-eabi/lib/thumb/v7-m/nofp\libc_nano.a(libc_a-reent.o)
                              C:/ST/STM32CubeIDE_1.14.1/STM32CubeIDE/plugins/com.st.stm32cube.ide.mcu.externaltools.gnu-tools-for-stm32.11.3.rel1.win32_1.1.100.202309141235/tools/bin/../lib/gcc/arm-none-eabi/11.3.1/../../../../arm-none-eabi/lib/thumb/v7-m/nofp\libc_nano.a(libc_a-closer.o) (errno)
C:/ST/STM32CubeIDE_1.14.1/STM32CubeIDE/plugins/com.st.stm32cube.ide.mcu.externaltools.gnu-tools-for-stm32.11.3.rel1.win32_1.1.100.202309141235/tools/bin/../lib/gcc/arm-none-eabi/11.3.1/../../../../arm-none-eabi/lib/thumb/v7-m/nofp\libc_nano.a(libc_a-impure.o)
[...]
Memory Configuration

Name             Origin             Length             Attributes
RAM              0x0000000020000000 0x0000000000005000 xrw
FLASH            0x0000000008000000 0x0000000000010000 xr
*default*        0x0000000000000000 0xffffffffffffffff

Linker script and memory map

LOAD C:/ST/STM32CubeIDE_1.14.1/STM32CubeIDE/plugins/com.st.stm32cube.ide.mcu.externaltools.gnu-tools-for-stm32.11.3.rel1.win32_1.1.100.202309141235/tools/bin/../lib/gcc/arm-none-eabi/11.3.1/thumb/v7-m/nofp/crti.o
LOAD C:/ST/STM32CubeIDE_1.14.1/STM32CubeIDE/plugins/com.st.stm32cube.ide.mcu.externaltools.gnu-tools-for-stm32.11.3.rel1.win32_1.1.100.202309141235/tools/bin/../lib/gcc/arm-none-eabi/11.3.1/thumb/v7-m/nofp/crtbegin.o
LOAD C:/ST/STM32CubeIDE_1.14.1/STM32CubeIDE/plugins/com.st.stm32cube.ide.mcu.externaltools.gnu-tools-for-stm32.11.3.rel1.win32_1.1.100.202309141235/tools/bin/../lib/gcc/arm-none-eabi/11.3.1/../../../../arm-none-eabi/lib/thumb/v7-m/nofp/crt0.o
LOAD ./Core/AFIO/AFIO_program.o
LOAD ./Core/CAN/CAN_program.o
LOAD ./Core/CAN_TP/CANTP_program.o
LOAD ./Core/FPEC/FPEC_program.o
LOAD ./Core/GPIO/GPIO_program.o
LOAD ./Core/GPIO/RCC_program.o
LOAD ./Core/NVIC/NVIC_program.o
LOAD ./Core/SYSTICK/SYSTICK_program.o
LOAD ./Core/Src/encryption_lib.o
LOAD ./Core/Src/main.o
LOAD ./Core/Startup/startup_stm32f103c8tx.o
LOAD ./Core/UART/USRT_program.o
LOAD ./Core/UDSM/UDSM_program.o
LOAD ./Core/USRT_MANAGE/USRTM_program.o
START GROUP
LOAD C:/ST/STM32CubeIDE_1.14.1/STM32CubeIDE/plugins/com.st.stm32cube.ide.mcu.externaltools.gnu-tools-for-stm32.11.3.rel1.win32_1.1.100.202309141235/tools/bin/../lib/gcc/arm-none-eabi/11.3.1/../../../../arm-none-eabi/lib/thumb/v7-m/nofp\libc_nano.a
LOAD C:/ST/STM32CubeIDE_1.14.1/STM32CubeIDE/plugins/com.st.stm32cube.ide.mcu.externaltools.gnu-tools-for-stm32.11.3.rel1.win32_1.1.100.202309141235/tools/bin/../lib/gcc/arm-none-eabi/11.3.1/../../../../arm-none-eabi/lib/thumb/v7-m/nofp\libm.a
END GROUP
START GROUP
LOAD C:/ST/STM32CubeIDE_1.14.1/STM32CubeIDE/plugins/com.st.stm32cube.ide.mcu.externaltools.gnu-tools-for-stm32.11.3.rel1.win32_1.1.100.202309141235/tools/bin/../lib/gcc/arm-none-eabi/11.3.1/thumb/v7-m/nofp\libgcc.a
LOAD C:/ST/STM32CubeIDE_1.14.1/STM32CubeIDE/plugins/com.st.stm32cube.ide.mcu.externaltools.gnu-tools-for-stm32.11.3.rel1.win32_1.1.100.202309141235/tools/bin/../lib/gcc/arm-none-eabi/11.3.1/../../../../arm-none-eabi/lib/thumb/v7-m/nofp\libc_nano.a
END GROUP
START GROUP
LOAD C:/ST/STM32CubeIDE_1.14.1/STM32CubeIDE/plugins/com.st.stm32cube.ide.mcu.externaltools.gnu-tools-for-stm32.11.3.rel1.win32_1.1.100.202309141235/tools/bin/../lib/gcc/arm-none-eabi/11.3.1/thumb/v7-m/nofp\libgcc.a
LOAD C:/ST/STM32CubeIDE_1.14.1/STM32CubeIDE/plugins/com.st.stm32cube.ide.mcu.externaltools.gnu-tools-for-stm32.11.3.rel1.win32_1.1.100.202309141235/tools/bin/../lib/gcc/arm-none-eabi/11.3.1/../../../../arm-none-eabi/lib/thumb/v7-m/nofp\libc_nano.a
LOAD C:/ST/STM32CubeIDE_1.14.1/STM32CubeIDE/plugins/com.st.stm32cube.ide.mcu.externaltools.gnu-tools-for-stm32.11.3.rel1.win32_1.1.100.202309141235/tools/bin/../lib/gcc/arm-none-eabi/11.3.1/../../../../arm-none-eabi/lib/thumb/v7-m/nofp\libnosys.a
END GROUP
START GROUP
LOAD C:/ST/STM32CubeIDE_1.14.1/STM32CubeIDE/plugins/com.st.stm32cube.ide.mcu.externaltools.gnu-tools-for-stm32.11.3.rel1.win32_1.1.100.202309141235/tools/bin/../lib/gcc/arm-none-eabi/11.3.1/thumb/v7-m/nofp\libgcc.a
LOAD C:/ST/STM32CubeIDE_1.14.1/STM32CubeIDE/plugins/com.st.stm32cube.ide.mcu.externaltools.gnu-tools-for-stm32.11.3.rel1.win32_1.1.100.202309141235/tools/bin/../lib/gcc/arm-none-eabi/11.3.1/../../../../arm-none-eabi/lib/thumb/v7-m/nofp\libc_nano.a
LOAD C:/ST/STM32CubeIDE_1.14.1/STM32CubeIDE/plugins/com.st.stm32cube.ide.mcu.externaltools.gnu-tools-for-stm32.11.3.rel1.win32_1.1.100.202309141235/tools/bin/../lib/gcc/arm-none-eabi/11.3.1/../../../../arm-none-eabi/lib/thumb/v7-m/nofp\libnosys.a
END GROUP
LOAD C:/ST/STM32CubeIDE_1.14.1/STM32CubeIDE/plugins/com.st.stm32cube.ide.mcu.externaltools.gnu-tools-for-stm32.11.3.rel1.win32_1.1.100.202309141235/tools/bin/../lib/gcc/arm-none-eabi/11.3.1/thumb/v7-m/nofp/crtend.o
LOAD C:/ST/STM32CubeIDE_1.14.1/STM32CubeIDE/plugins/com.st.stm32cube.ide.mcu.externaltools.gnu-tools-for-stm32.11.3.rel1.win32_1.1.100.202309141235/tools/bin/../lib/gcc/arm-none-eabi/11.3.1/thumb/v7-m/nofp/crtn.o
                0x0000000020005000                _estack = (ORIGIN (RAM) + LENGTH (RAM))
                0x0000000000000200                _Min_Heap_Size = 0x200
                0x0000000000000400                _Min_Stack_Size = 0x400

.isr_vector     0x0000000008000000      0x10c
                0x0000000008000000                . = ALIGN (0x4)
 *(.isr_vector)
 .isr_vector    0x0000000008000000      0x10c ./Core/Startup/startup_stm32f103c8tx.o
                0x0000000008000000                g_pfnVectors
                0x000000000800010c                . = ALIGN (0x4)

.text           0x000000000800010c     0x32fc
                0x000000000800010c                . = ALIGN (0x4)
 *(.text)
 .text          0x000000000800010c       0x40 C:/ST/STM32CubeIDE_1.14.1/STM32CubeIDE/plugins/com.st.stm32cube.ide.mcu.externaltools.gnu-tools-for-stm32.11.3.rel1.win32_1.1.100.202309141235/tools/bin/../lib/gcc/arm-none-eabi/11.3.1/thumb/v7-m/nofp/crtbegin.o
 .text          0x000000000800014c       0x10 C:/ST/STM32CubeIDE_1.14.1/STM32CubeIDE/plugins/com.st.stm32cube.ide.mcu.externaltools.gnu-tools-for-stm32.11.3.rel1.win32_1.1.100.202309141235/tools/bin/../lib/gcc/arm-none-eabi/11.3.1/../../../../arm-none-eabi/lib/thumb/v7-m/nofp\libc_nano.a(libc_a-strlen.o)
                0x000000000800014c                strlen
 *(.text*)
 .text.Std_id_High
                0x000000000800015c       0x1a ./Core/CAN/CAN_program.o
                0x000000000800015c                Std_id_High
 .text.CAN_FilterConfig
                0x0000000008000176       0x42 ./Core/CAN/CAN_program.o
                0x0000000008000176                CAN_FilterConfig
 .text.CAN_voidInit
                0x00000000080001b8       0xd8 ./Core/CAN/CAN_program.o
                0x00000000080001b8                CAN_voidInit
 .text.CAN_voidAddTxMsg
                0x0000000008000290      0x148 ./Core/CAN/CAN_program.o
                0x0000000008000290                CAN_voidAddTxMsg
 .text.CAN_voidStart
                0x00000000080003d8       0x2c ./Core/CAN/CAN_program.o
                0x00000000080003d8                CAN_voidStart
 .text.CAN_voidGetRxMsg
                0x0000000008000404      0x154 ./Core/CAN/CAN_program.o
                0x0000000008000404                CAN_voidGetRxMsg
 .text.CAN_voidRXPending
                0x0000000008000558       0x38 ./Core/CAN/CAN_program.o
                0x0000000008000558                CAN_voidRXPending
 .text.CAN_voidConfigFilter
                0x0000000008000590      0x1a0 ./Core/CAN/CAN_program.o
                0x0000000008000590                CAN_voidConfigFilter
 .text.CAN_voidGetErrorCode
                0x0000000008000730       0x24 ./Core/CAN/CAN_program.o
                0x0000000008000730                CAN_voidGetErrorCode
 .text.CAN_voidEnableInterrupt
                0x0000000008000754       0x24 ./Core/CAN/CAN_program.o
                0x0000000008000754                CAN_voidEnableInterrupt
 .text.CAN_voidTX_Interrupt_Handler
                0x0000000008000778      0x158 ./Core/CAN/CAN_program.o
                0x0000000008000778                CAN_voidTX_Interrupt_Handler
 .text.CAN_voidRX_FIFO0_Interrupt_Handler
                0x00000000080008d0       0x94 ./Core/CAN/CAN_program.o
                0x00000000080008d0                CAN_voidRX_FIFO0_Interrupt_Handler
 .text.CAN_voidRX_FIFO1_Interrupt_Handler
                0x0000000008000964       0x94 ./Core/CAN/CAN_program.o
                0x0000000008000964                CAN_voidRX_FIFO1_Interrupt_Handler
 .text.CAN_voidSCE_Interrupt_Handler
                0x00000000080009f8      0x1ac ./Core/CAN/CAN_program.o
                0x00000000080009f8                CAN_voidSCE_Interrupt_Handler
 .text.CAN_TxMailbox1CompleteCallback
                0x0000000008000ba4        0xc ./Core/CAN/CAN_program.o
                0x0000000008000ba4                CAN_TxMailbox1CompleteCallback
 .text.CAN_TxMailbox2CompleteCallback
                0x0000000008000bb0        0xc ./Core/CAN/CAN_program.o
                0x0000000008000bb0                CAN_TxMailbox2CompleteCallback
 .text.CAN_TxMailbox0AbortCallback
                0x0000000008000bbc        0xc ./Core/CAN/CAN_program.o
                0x0000000008000bbc                CAN_TxMailbox0AbortCallback
 .text.CAN_TxMailbox1AbortCallback
                0x0000000008000bc8        0xc ./Core/CAN/CAN_program.o
                0x0000000008000bc8                CAN_TxMailbox1AbortCallback
 .text.CAN_TxMailbox2AbortCallback
                0x0000000008000bd4        0xc ./Core/CAN/CAN_program.o
                0x0000000008000bd4                CAN_TxMailbox2AbortCallback
 .text.CAN_RxFifo0FullCallback
                0x0000000008000be0        0xc ./Core/CAN/CAN_program.o
                0x0000000008000be0                CAN_RxFifo0FullCallback
 .text.CAN_RxFifo1MsgPendingCallback
                0x0000000008000bec        0xc ./Core/CAN/CAN_program.o
                0x0000000008000bec                CAN_RxFifo1MsgPendingCallback
 .text.CAN_RxFifo1FullCallback
                0x0000000008000bf8        0xc ./Core/CAN/CAN_program.o
                0x0000000008000bf8                CAN_RxFifo1FullCallback
 .text.CAN_SleepCallback
                0x0000000008000c04        0xc ./Core/CAN/CAN_program.o
                0x0000000008000c04                CAN_SleepCallback
 .text.CAN_WakeUpFromRxMsgCallback
                0x0000000008000c10        0xc ./Core/CAN/CAN_program.o
                0x0000000008000c10                CAN_WakeUpFromRxMsgCallback
 .text.USB_HP_CAN1_TX_IRQHandler
                0x0000000008000c1c        0xc ./Core/CAN/CAN_program.o
                0x0000000008000c1c                USB_HP_CAN1_TX_IRQHandler
 .text.USB_LP_CAN1_RX0_IRQHandler
                0x0000000008000c28        0xc ./Core/CAN/CAN_program.o
                0x0000000008000c28                USB_LP_CAN1_RX0_IRQHandler
 .text.CAN1_RX1_IRQHandler
                0x0000000008000c34        0xc ./Core/CAN/CAN_program.o
                0x0000000008000c34                CAN1_RX1_IRQHandler
 .text.CAN1_SCE_IRQHandler
                0x0000000008000c40        0xc ./Core/CAN/CAN_program.o
                0x0000000008000c40                CAN1_SCE_IRQHandler
 .text.CAN_TX   0x0000000008000c4c       0x38 ./Core/CAN/CAN_program.o
                0x0000000008000c4c                CAN_TX
 .text.CAN_RX   0x0000000008000c84       0x38 ./Core/CAN/CAN_program.o
                0x0000000008000c84                CAN_RX
 .text.CAN_Interrupt
                0x0000000008000cbc       0x22 ./Core/CAN/CAN_program.o
                0x0000000008000cbc                CAN_Interrupt
 .text.CAN_TxMailbox0CompleteCallback
                0x0000000008000cde        0xc ./Core/CAN/CAN_program.o
                0x0000000008000cde                CAN_TxMailbox0CompleteCallback
 *fill*         0x0000000008000cea        0x2 
 .text.CAN_RxAsy
                0x0000000008000cec       0x1c ./Core/CAN/CAN_program.o
                0x0000000008000cec                CAN_RxAsy
 .text.CAN_voidCallBack
                0x0000000008000d08       0x1c ./Core/CAN/CAN_program.o
                0x0000000008000d08                CAN_voidCallBack
 .text.CAN_RxFifo0MsgPendingCallback
                0x0000000008000d24       0x18 ./Core/CAN/CAN_program.o
                0x0000000008000d24                CAN_RxFifo0MsgPendingCallback
 .text.CAN_ErrorCallback
                0x0000000008000d3c       0x14 ./Core/CAN/CAN_program.o
                0x0000000008000d3c                CAN_ErrorCallback
 .text.CANTP_voidCallBack
                0x0000000008000d50       0x1c ./Core/CAN_TP/CANTP_program.o
                0x0000000008000d50                CANTP_voidCallBack
 .text.CANTP_RxAsy
                0x0000000008000d6c       0x2c ./Core/CAN_TP/CANTP_program.o
                0x0000000008000d6c                CANTP_RxAsy
 .text.CANTP_voidInit
                0x0000000008000d98       0x24 ./Core/CAN_TP/CANTP_program.o
                0x0000000008000d98                CANTP_voidInit
 .text.CANTP_SendPacket
                0x0000000008000dbc      0x16c ./Core/CAN_TP/CANTP_program.o
                0x0000000008000dbc                CANTP_SendPacket
 .text.CANTP_RecievAsy
                0x0000000008000f28      0x258 ./Core/CAN_TP/CANTP_program.o
                0x0000000008000f28                CANTP_RecievAsy
 .text.MGPIO_voidSetPinDirection
                0x0000000008001180      0x1b4 ./Core/GPIO/GPIO_program.o
                0x0000000008001180                MGPIO_voidSetPinDirection
 .text.RCC_voidIintSysClock
                0x0000000008001334       0x20 ./Core/GPIO/RCC_program.o
                0x0000000008001334                RCC_voidIintSysClock
 .text.RCC_voidEnableClock
                0x0000000008001354       0x84 ./Core/GPIO/RCC_program.o
                0x0000000008001354                RCC_voidEnableClock
 .text.MNVIC_voidEnableInterrupt
                0x00000000080013d8       0x44 ./Core/NVIC/NVIC_program.o
                0x00000000080013d8                MNVIC_voidEnableInterrupt
 .text.MSYSTICK_voidInit
                0x000000000800141c       0x34 ./Core/SYSTICK/SYSTICK_program.o
                0x000000000800141c                MSYSTICK_voidInit
 .text.MSYSTICK_voidDelay
                0x0000000008001450       0x54 ./Core/SYSTICK/SYSTICK_program.o
                0x0000000008001450                MSYSTICK_voidDelay
 .text.MSYSTICK_voidCallBack
                0x00000000080014a4       0x1c ./Core/SYSTICK/SYSTICK_program.o
                0x00000000080014a4                MSYSTICK_voidCallBack
 .text.SysTick_Handler
                0x00000000080014c0       0x14 ./Core/SYSTICK/SYSTICK_program.o
                0x00000000080014c0                SysTick_Handler
 .text.swap     0x00000000080014d4       0x2a ./Core/Src/encryption_lib.o
 .text.intiate_key_s
                0x00000000080014fe       0x96 ./Core/Src/encryption_lib.o
 .text.KSA      0x0000000008001594       0x58 ./Core/Src/encryption_lib.o
 .text.PRGA     0x00000000080015ec       0x7c ./Core/Src/encryption_lib.o
 .text.encryption_rc4_key_generation
                0x0000000008001668       0x60 ./Core/Src/encryption_lib.o
                0x0000000008001668                encryption_rc4_key_generation
 .text.main     0x00000000080016c8       0x28 ./Core/Src/main.o
                0x00000000080016c8                main
 .text.Reset_Handler
                0x00000000080016f0       0x44 ./Core/Startup/startup_stm32f103c8tx.o
                0x00000000080016f0                Reset_Handler
 .text.Default_Handler
                0x0000000008001734        0x2 ./Core/Startup/startup_stm32f103c8tx.o
                0x0000000008001734                RTC_Alarm_IRQHandler
                0x0000000008001734                EXTI2_IRQHandler
                0x0000000008001734                DebugMon_Handler
                0x0000000008001734                TIM1_CC_IRQHandler
                0x0000000008001734                HardFault_Handler
                0x0000000008001734                PVD_IRQHandler
                0x0000000008001734                PendSV_Handler
                0x0000000008001734                NMI_Handler
                0x0000000008001734                EXTI3_IRQHandler
                0x0000000008001734                EXTI0_IRQHandler
                0x0000000008001734                I2C2_EV_IRQHandler
                0x0000000008001734                UsageFault_Handler
                0x0000000008001734                ADC1_2_IRQHandler
                0x0000000008001734                SPI1_IRQHandler
                0x0000000008001734                TAMPER_IRQHandler
                0x0000000008001734                DMA1_Channel4_IRQHandler
                0x0000000008001734                USART3_IRQHandler
                0x0000000008001734                RTC_IRQHandler
                0x0000000008001734                DMA1_Channel7_IRQHandler
                0x0000000008001734                TIM4_IRQHandler
                0x0000000008001734                I2C1_EV_IRQHandler
                0x0000000008001734                DMA1_Channel6_IRQHandler
                0x0000000008001734                TIM3_IRQHandler
                0x0000000008001734                RCC_IRQHandler
                0x0000000008001734                TIM1_TRG_COM_IRQHandler
                0x0000000008001734                DMA1_Channel1_IRQHandler
                0x0000000008001734                Default_Handler
                0x0000000008001734                EXTI15_10_IRQHandler
                0x0000000008001734                EXTI9_5_IRQHandler
                0x0000000008001734                SPI2_IRQHandler
                0x0000000008001734                MemManage_Handler
                0x0000000008001734                SVC_Handler
                0x0000000008001734                DMA1_Channel5_IRQHandler
                0x0000000008001734                EXTI4_IRQHandler
                0x0000000008001734                DMA1_Channel3_IRQHandler
                0x0000000008001734                TIM1_UP_IRQHandler
                0x0000000008001734                WWDG_IRQHandler
                0x0000000008001734                TIM2_IRQHandler
                0x0000000008001734                TIM1_BRK_IRQHandler
                0x0000000008001734                EXTI1_IRQHandler
                0x0000000008001734                I2C2_ER_IRQHandler
                0x0000000008001734                DMA1_Channel2_IRQHandler
                0x0000000008001734                FLASH_IRQHandler
                0x0000000008001734                BusFault_Handler
                0x0000000008001734                I2C1_ER_IRQHandler
                0x0000000008001734                USBWakeUp_IRQHandler
 *fill*         0x0000000008001736        0x2 
 .text.USART1_IRQHandler
                0x0000000008001738       0xa8 ./Core/UART/USRT_program.o
                0x0000000008001738                USART1_IRQHandler
 .text.USART2_IRQHandler
                0x00000000080017e0       0x3c ./Core/UART/USRT_program.o
                0x00000000080017e0                USART2_IRQHandler
 .text.UDSM_voidInit
                0x000000000800181c       0x2c ./Core/UDSM/UDSM_program.o
                0x000000000800181c                UDSM_voidInit
 .text.Packet_DecodeSm
                0x0000000008001848       0x5c ./Core/UDSM/UDSM_program.o
                0x0000000008001848                Packet_DecodeSm
 .text.Packet_encodeSm
                0x00000000080018a4       0x5c ./Core/UDSM/UDSM_program.o
                0x00000000080018a4                Packet_encodeSm
 .text.Packet_Process
                0x0000000008001900       0xa4 ./Core/UDSM/UDSM_program.o
                0x0000000008001900                Packet_Process
 .text.UDSM_voidResponse
                0x00000000080019a4       0xac ./Core/UDSM/UDSM_program.o
                0x00000000080019a4                UDSM_voidResponse
 .text.Packet_SID_De
                0x0000000008001a50       0x44 ./Core/UDSM/UDSM_program.o
                0x0000000008001a50                Packet_SID_De
 .text.Packet_SUB_ID_De
                0x0000000008001a94       0x50 ./Core/UDSM/UDSM_program.o
                0x0000000008001a94                Packet_SUB_ID_De
 .text.Packet_DATA_De
                0x0000000008001ae4       0x90 ./Core/UDSM/UDSM_program.o
                0x0000000008001ae4                Packet_DATA_De
 .text.Packet_SID_En
                0x0000000008001b74       0x3c ./Core/UDSM/UDSM_program.o
                0x0000000008001b74                Packet_SID_En
 .text.Packet_SUB_ID_En
                0x0000000008001bb0       0x68 ./Core/UDSM/UDSM_program.o
                0x0000000008001bb0                Packet_SUB_ID_En
 .text.Packet_DATA_En
                0x0000000008001c18       0xb0 ./Core/UDSM/UDSM_program.o
                0x0000000008001c18                Packet_DATA_En
 .text.Packet_SmReset_de
                0x0000000008001cc8       0x18 ./Core/UDSM/UDSM_program.o
                0x0000000008001cc8                Packet_SmReset_de
 .text.Packet_SmReset_en
                0x0000000008001ce0       0x18 ./Core/UDSM/UDSM_program.o
                0x0000000008001ce0                Packet_SmReset_en
 .text.Read_ID  0x0000000008001cf8      0x174 ./Core/UDSM/UDSM_program.o
                0x0000000008001cf8                Read_ID
 .text.Session_Control_fun
                0x0000000008001e6c       0x98 ./Core/UDSM/UDSM_program.o
                0x0000000008001e6c                Session_Control_fun
 .text.Tester_Represent
                0x0000000008001f04       0x34 ./Core/UDSM/UDSM_program.o
                0x0000000008001f04                Tester_Represent
 .text.Write_ID
                0x0000000008001f38      0x160 ./Core/UDSM/UDSM_program.o
                0x0000000008001f38                Write_ID
 .text.Security_Access_fun
                0x0000000008002098       0xdc ./Core/UDSM/UDSM_program.o
                0x0000000008002098                Security_Access_fun
 .text.generateRandomByte
                0x0000000008002174       0x34 ./Core/UDSM/UDSM_program.o
 .text.UDSM_voidCheckBuffer
                0x00000000080021a8       0x2c ./Core/UDSM/UDSM_program.o
                0x00000000080021a8                UDSM_voidCheckBuffer
 .text.UDSM_voidTiming
                0x00000000080021d4       0xe8 ./Core/UDSM/UDSM_program.o
                0x00000000080021d4                UDSM_voidTiming
 .text.srand    0x00000000080022bc       0x5c C:/ST/STM32CubeIDE_1.14.1/STM32CubeIDE/plugins/com.st.stm32cube.ide.mcu.externaltools.gnu-tools-for-stm32.11.3.rel1.win32_1.1.100.202309141235/tools/bin/../lib/gcc/arm-none-eabi/11.3.1/../../../../arm-none-eabi/lib/thumb/v7-m/nofp\libc_nano.a(libc_a-rand.o)
                0x00000000080022bc                srand
 .text.rand     0x0000000008002318       0x7c C:/ST/STM32CubeIDE_1.14.1/STM32CubeIDE/plugins/com.st.stm32cube.ide.mcu.externaltools.gnu-tools-for-stm32.11.3.rel1.win32_1.1.100.202309141235/tools/bin/../lib/gcc/arm-none-eabi/11.3.1/../../../../arm-none-eabi/lib/thumb/v7-m/nofp\libc_nano.a(libc_a-rand.o)
                0x0000000008002318                rand
 .text.std      0x0000000008002394       0x6c C:/ST/STM32CubeIDE_1.14.1/STM32CubeIDE/plugins/com.st.stm32cube.ide.mcu.externaltools.gnu-tools-for-stm32.11.3.rel1.win32_1.1.100.202309141235/tools/bin/../lib/gcc/arm-none-eabi/11.3.1/../../../../arm-none-eabi/lib/thumb/v7-m/nofp\libc_nano.a(libc_a-findfp.o)
 .text.stdio_exit_handler
                0x0000000008002400       0x18 C:/ST/STM32CubeIDE_1.14.1/STM32CubeIDE/plugins/com.st.stm32cube.ide.mcu.externaltools.gnu-tools-for-stm32.11.3.rel1.win32_1.1.100.202309141235/tools/bin/../lib/gcc/arm-none-eabi/11.3.1/../../../../arm-none-eabi/lib/thumb/v7-m/nofp\libc_nano.a(libc_a-findfp.o)
 .text.cleanup_stdio
                0x0000000008002418       0x40 C:/ST/STM32CubeIDE_1.14.1/STM32CubeIDE/plugins/com.st.stm32cube.ide.mcu.externaltools.gnu-tools-for-stm32.11.3.rel1.win32_1.1.100.202309141235/tools/bin/../lib/gcc/arm-none-eabi/11.3.1/../../../../arm-none-eabi/lib/thumb/v7-m/nofp\libc_nano.a(libc_a-findfp.o)
 .text.global_stdio_init.part.0
                0x0000000008002458       0x3c C:/ST/STM32CubeIDE_1.14.1/STM32CubeIDE/plugins/com.st.stm32cube.ide.mcu.externaltools.gnu-tools-for-stm32.11.3.rel1.win32_1.1.100.202309141235/tools/bin/../lib/gcc/arm-none-eabi/11.3.1/../../../../arm-none-eabi/lib/thumb/v7-m/nofp\libc_nano.a(libc_a-findfp.o)
 .text.__sfp_lock_acquire
                0x0000000008002494        0xc C:/ST/STM32CubeIDE_1.14.1/STM32CubeIDE/plugins/com.st.stm32cube.ide.mcu.externaltools.gnu-tools-for-stm32.11.3.rel1.win32_1.1.100.202309141235/tools/bin/../lib/gcc/arm-none-eabi/11.3.1/../../../../arm-none-eabi/lib/thumb/v7-m/nofp\libc_nano.a(libc_a-findfp.o)
                0x0000000008002494                __sfp_lock_acquire
 .text.__sfp_lock_release
                0x00000000080024a0        0xc C:/ST/STM32CubeIDE_1.14.1/STM32CubeIDE/plugins/com.st.stm32cube.ide.mcu.externaltools.gnu-tools-for-stm32.11.3.rel1.win32_1.1.100.202309141235/tools/bin/../lib/gcc/arm-none-eabi/11.3.1/../../../../arm-none-eabi/lib/thumb/v7-m/nofp\libc_nano.a(libc_a-findfp.o)
                0x00000000080024a0                __sfp_lock_release
 .text.__sinit  0x00000000080024ac       0x30 C:/ST/STM32CubeIDE_1.14.1/STM32CubeIDE/plugins/com.st.stm32cube.ide.mcu.externaltools.gnu-tools-for-stm32.11.3.rel1.win32_1.1.100.202309141235/tools/bin/../lib/gcc/arm-none-eabi/11.3.1/../../../../arm-none-eabi/lib/thumb/v7-m/nofp\libc_nano.a(libc_a-findfp.o)
                0x00000000080024ac                __sinit
 .text._fwalk_sglue
                0x00000000080024dc       0x3c C:/ST/STM32CubeIDE_1.14.1/STM32CubeIDE/plugins/com.st.stm32cube.ide.mcu.externaltools.gnu-tools-for-stm32.11.3.rel1.win32_1.1.100.202309141235/tools/bin/../lib/gcc/arm-none-eabi/11.3.1/../../../../arm-none-eabi/lib/thumb/v7-m/nofp\libc_nano.a(libc_a-fwalk.o)
                0x00000000080024dc                _fwalk_sglue
 .text.__sread  0x0000000008002518       0x22 C:/ST/STM32CubeIDE_1.14.1/STM32CubeIDE/plugins/com.st.stm32cube.ide.mcu.externaltools.gnu-tools-for-stm32.11.3.rel1.win32_1.1.100.202309141235/tools/bin/../lib/gcc/arm-none-eabi/11.3.1/../../../../arm-none-eabi/lib/thumb/v7-m/nofp\libc_nano.a(libc_a-stdio.o)
                0x0000000008002518                __sread
 .text.__swrite
                0x000000000800253a       0x38 C:/ST/STM32CubeIDE_1.14.1/STM32CubeIDE/plugins/com.st.stm32cube.ide.mcu.externaltools.gnu-tools-for-stm32.11.3.rel1.win32_1.1.100.202309141235/tools/bin/../lib/gcc/arm-none-eabi/11.3.1/../../../../arm-none-eabi/lib/thumb/v7-m/nofp\libc_nano.a(libc_a-stdio.o)
                0x000000000800253a                __swrite
 .text.__sseek  0x0000000008002572       0x24 C:/ST/STM32CubeIDE_1.14.1/STM32CubeIDE/plugins/com.st.stm32cube.ide.mcu.externaltools.gnu-tools-for-stm32.11.3.rel1.win32_1.1.100.202309141235/tools/bin/../lib/gcc/arm-none-eabi/11.3.1/../../../../arm-none-eabi/lib/thumb/v7-m/nofp\libc_nano.a(libc_a-stdio.o)
                0x0000000008002572                __sseek
 .text.__sclose
                0x0000000008002596        0x8 C:/ST/STM32CubeIDE_1.14.1/STM32CubeIDE/plugins/com.st.stm32cube.ide.mcu.externaltools.gnu-tools-for-stm32.11.3.rel1.win32_1.1.100.202309141235/tools/bin/../lib/gcc/arm-none-eabi/11.3.1/../../../../arm-none-eabi/lib/thumb/v7-m/nofp\libc_nano.a(libc_a-stdio.o)
                0x0000000008002596                __sclose
 .text.memset   0x000000000800259e       0x10 C:/ST/STM32CubeIDE_1.14.1/STM32CubeIDE/plugins/com.st.stm32cube.ide.mcu.externaltools.gnu-tools-for-stm32.11.3.rel1.win32_1.1.100.202309141235/tools/bin/../lib/gcc/arm-none-eabi/11.3.1/../../../../arm-none-eabi/lib/thumb/v7-m/nofp\libc_nano.a(libc_a-memset.o)
                0x000000000800259e                memset
 *fill*         0x00000000080025ae        0x2 
 .text.time     0x00000000080025b0       0x34 C:/ST/STM32CubeIDE_1.14.1/STM32CubeIDE/plugins/com.st.stm32cube.ide.mcu.externaltools.gnu-tools-for-stm32.11.3.rel1.win32_1.1.100.202309141235/tools/bin/../lib/gcc/arm-none-eabi/11.3.1/../../../../arm-none-eabi/lib/thumb/v7-m/nofp\libc_nano.a(libc_a-time.o)
                0x00000000080025b0                time
 .text._close_r
                0x00000000080025e4       0x20 C:/ST/STM32CubeIDE_1.14.1/STM32CubeIDE/plugins/com.st.stm32cube.ide.mcu.externaltools.gnu-tools-for-stm32.11.3.rel1.win32_1.1.100.202309141235/tools/bin/../lib/gcc/arm-none-eabi/11.3.1/../../../../arm-none-eabi/lib/thumb/v7-m/nofp\libc_nano.a(libc_a-closer.o)
                0x00000000080025e4                _close_r
 .text._gettimeofday_r
                0x0000000008002604       0x24 C:/ST/STM32CubeIDE_1.14.1/STM32CubeIDE/plugins/com.st.stm32cube.ide.mcu.externaltools.gnu-tools-for-stm32.11.3.rel1.win32_1.1.100.202309141235/tools/bin/../lib/gcc/arm-none-eabi/11.3.1/../../../../arm-none-eabi/lib/thumb/v7-m/nofp\libc_nano.a(libc_a-gettimeofdayr.o)
                0x0000000008002604                _gettimeofday_r
 .text._lseek_r
                0x0000000008002628       0x24 C:/ST/STM32CubeIDE_1.14.1/STM32CubeIDE/plugins/com.st.stm32cube.ide.mcu.externaltools.gnu-tools-for-stm32.11.3.rel1.win32_1.1.100.202309141235/tools/bin/../lib/gcc/arm-none-eabi/11.3.1/../../../../arm-none-eabi/lib/thumb/v7-m/nofp\libc_nano.a(libc_a-lseekr.o)
                0x0000000008002628                _lseek_r
 .text._read_r  0x000000000800264c       0x24 C:/ST/STM32CubeIDE_1.14.1/STM32CubeIDE/plugins/com.st.stm32cube.ide.mcu.externaltools.gnu-tools-for-stm32.11.3.rel1.win32_1.1.100.202309141235/tools/bin/../lib/gcc/arm-none-eabi/11.3.1/../../../../arm-none-eabi/lib/thumb/v7-m/nofp\libc_nano.a(libc_a-readr.o)
                0x000000000800264c                _read_r
 .text._write_r
                0x0000000008002670       0x24 C:/ST/STM32CubeIDE_1.14.1/STM32CubeIDE/plugins/com.st.stm32cube.ide.mcu.externaltools.gnu-tools-for-stm32.11.3.rel1.win32_1.1.100.202309141235/tools/bin/../lib/gcc/arm-none-eabi/11.3.1/../../../../arm-none-eabi/lib/thumb/v7-m/nofp\libc_nano.a(libc_a-writer.o)
                0x0000000008002670                _write_r
 .text.__libc_init_array
                0x0000000008002694       0x48 C:/ST/STM32CubeIDE_1.14.1/STM32CubeIDE/plugins/com.st.stm32cube.ide.mcu.externaltools.gnu-tools-for-stm32.11.3.rel1.win32_1.1.100.202309141235/tools/bin/../lib/gcc/arm-none-eabi/11.3.1/../../../../arm-none-eabi/lib/thumb/v7-m/nofp\libc_nano.a(libc_a-init.o)
                0x0000000008002694                __libc_init_array
 .text.__retarget_lock_init_recursive
                0x00000000080026dc        0x2 C:/ST/STM32CubeIDE_1.14.1/STM32CubeIDE/plugins/com.st.stm32cube.ide.mcu.externaltools.gnu-tools-for-stm32.11.3.rel1.win32_1.1.100.202309141235/tools/bin/../lib/gcc/arm-none-eabi/11.3.1/../../../../arm-none-eabi/lib/thumb/v7-m/nofp\libc_nano.a(libc_a-lock.o)
                0x00000000080026dc                __retarget_lock_init_recursive
 .text.__retarget_lock_acquire_recursive
                0x00000000080026de        0x2 C:/ST/STM32CubeIDE_1.14.1/STM32CubeIDE/plugins/com.st.stm32cube.ide.mcu.externaltools.gnu-tools-for-stm32.11.3.rel1.win32_1.1.100.202309141235/tools/bin/../lib/gcc/arm-none-eabi/11.3.1/../../../../arm-none-eabi/lib/thumb/v7-m/nofp\libc_nano.a(libc_a-lock.o)
                0x00000000080026de                __retarget_lock_acquire_recursive
 .text.__retarget_lock_release_recursive
                0x00000000080026e0        0x2 C:/ST/STM32CubeIDE_1.14.1/STM32CubeIDE/plugins/com.st.stm32cube.ide.mcu.externaltools.gnu-tools-for-stm32.11.3.rel1.win32_1.1.100.202309141235/tools/bin/../lib/gcc/arm-none-eabi/11.3.1/../../../../arm-none-eabi/lib/thumb/v7-m/nofp\libc_nano.a(libc_a-lock.o)
                0x00000000080026e0                __retarget_lock_release_recursive
 *fill*         0x00000000080026e2        0x2 
 .text.__assert_func
                0x00000000080026e4       0x3c C:/ST/STM32CubeIDE_1.14.1/STM32CubeIDE/plugins/com.st.stm32cube.ide.mcu.externaltools.gnu-tools-for-stm32.11.3.rel1.win32_1.1.100.202309141235/tools/bin/../lib/gcc/arm-none-eabi/11.3.1/../../../../arm-none-eabi/lib/thumb/v7-m/nofp\libc_nano.a(libc_a-assert.o)
                0x00000000080026e4                __assert_func
 .text._free_r  0x0000000008002720       0x90 C:/ST/STM32CubeIDE_1.14.1/STM32CubeIDE/plugins/com.st.stm32cube.ide.mcu.externaltools.gnu-tools-for-stm32.11.3.rel1.win32_1.1.100.202309141235/tools/bin/../lib/gcc/arm-none-eabi/11.3.1/../../../../arm-none-eabi/lib/thumb/v7-m/nofp\libc_nano.a(libc_a-freer.o)
                0x0000000008002720                _free_r
 .text.malloc   0x00000000080027b0       0x10 C:/ST/STM32CubeIDE_1.14.1/STM32CubeIDE/plugins/com.st.stm32cube.ide.mcu.externaltools.gnu-tools-for-stm32.11.3.rel1.win32_1.1.100.202309141235/tools/bin/../lib/gcc/arm-none-eabi/11.3.1/../../../../arm-none-eabi/lib/thumb/v7-m/nofp\libc_nano.a(libc_a-malloc.o)
                0x00000000080027b0                malloc
 .text.sbrk_aligned
                0x00000000080027c0       0x40 C:/ST/STM32CubeIDE_1.14.1/STM32CubeIDE/plugins/com.st.stm32cube.ide.mcu.externaltools.gnu-tools-for-stm32.11.3.rel1.win32_1.1.100.202309141235/tools/bin/../lib/gcc/arm-none-eabi/11.3.1/../../../../arm-none-eabi/lib/thumb/v7-m/nofp\libc_nano.a(libc_a-mallocr.o)
 .text._malloc_r
                0x0000000008002800      0x100 C:/ST/STM32CubeIDE_1.14.1/STM32CubeIDE/plugins/com.st.stm32cube.ide.mcu.externaltools.gnu-tools-for-stm32.11.3.rel1.win32_1.1.100.202309141235/tools/bin/../lib/gcc/arm-none-eabi/11.3.1/../../../../arm-none-eabi/lib/thumb/v7-m/nofp\libc_nano.a(libc_a-mallocr.o)
                0x0000000008002800                _malloc_r
 .text.__malloc_lock
                0x0000000008002900        0xc C:/ST/STM32CubeIDE_1.14.1/STM32CubeIDE/plugins/com.st.stm32cube.ide.mcu.externaltools.gnu-tools-for-stm32.11.3.rel1.win32_1.1.100.202309141235/tools/bin/../lib/gcc/arm-none-eabi/11.3.1/../../../../arm-none-eabi/lib/thumb/v7-m/nofp\libc_nano.a(libc_a-mlock.o)
                0x0000000008002900                __malloc_lock
 .text.__malloc_unlock
                0x000000000800290c        0xc C:/ST/STM32CubeIDE_1.14.1/STM32CubeIDE/plugins/com.st.stm32cube.ide.mcu.externaltools.gnu-tools-for-stm32.11.3.rel1.win32_1.1.100.202309141235/tools/bin/../lib/gcc/arm-none-eabi/11.3.1/../../../../arm-none-eabi/lib/thumb/v7-m/nofp\libc_nano.a(libc_a-mlock.o)
                0x000000000800290c                __malloc_unlock
 .text.__sflush_r
                0x0000000008002918      0x104 C:/ST/STM32CubeIDE_1.14.1/STM32CubeIDE/plugins/com.st.stm32cube.ide.mcu.externaltools.gnu-tools-for-stm32.11.3.rel1.win32_1.1.100.202309141235/tools/bin/../lib/gcc/arm-none-eabi/11.3.1/../../../../arm-none-eabi/lib/thumb/v7-m/nofp\libc_nano.a(libc_a-fflush.o)
                0x0000000008002918                __sflush_r
 .text._fflush_r
                0x0000000008002a1c       0x50 C:/ST/STM32CubeIDE_1.14.1/STM32CubeIDE/plugins/com.st.stm32cube.ide.mcu.externaltools.gnu-tools-for-stm32.11.3.rel1.win32_1.1.100.202309141235/tools/bin/../lib/gcc/arm-none-eabi/11.3.1/../../../../arm-none-eabi/lib/thumb/v7-m/nofp\libc_nano.a(libc_a-fflush.o)
                0x0000000008002a1c                _fflush_r
 .text.fprintf  0x0000000008002a6c       0x24 C:/ST/STM32CubeIDE_1.14.1/STM32CubeIDE/plugins/com.st.stm32cube.ide.mcu.externaltools.gnu-tools-for-stm32.11.3.rel1.win32_1.1.100.202309141235/tools/bin/../lib/gcc/arm-none-eabi/11.3.1/../../../../arm-none-eabi/lib/thumb/v7-m/nofp\libc_nano.a(libc_a-fprintf.o)
                0x0000000008002a6c                fiprintf
                0x0000000008002a6c                fprintf
 .text._sbrk_r  0x0000000008002a90       0x20 C:/ST/STM32CubeIDE_1.14.1/STM32CubeIDE/plugins/com.st.stm32cube.ide.mcu.externaltools.gnu-tools-for-stm32.11.3.rel1.win32_1.1.100.202309141235/tools/bin/../lib/gcc/arm-none-eabi/11.3.1/../../../../arm-none-eabi/lib/thumb/v7-m/nofp\libc_nano.a(libc_a-sbrkr.o)
                0x0000000008002a90                _sbrk_r
 .text.abort    0x0000000008002ab0        0xe C:/ST/STM32CubeIDE_1.14.1/STM32CubeIDE/plugins/com.st.stm32cube.ide.mcu.externaltools.gnu-tools-for-stm32.11.3.rel1.win32_1.1.100.202309141235/tools/bin/../lib/gcc/arm-none-eabi/11.3.1/../../../../arm-none-eabi/lib/thumb/v7-m/nofp\libc_nano.a(libc_a-abort.o)
                0x0000000008002ab0                abort
 .text.__sfputc_r
                0x0000000008002abe       0x2a C:/ST/STM32CubeIDE_1.14.1/STM32CubeIDE/plugins/com.st.stm32cube.ide.mcu.externaltools.gnu-tools-for-stm32.11.3.rel1.win32_1.1.100.202309141235/tools/bin/../lib/gcc/arm-none-eabi/11.3.1/../../../../arm-none-eabi/lib/thumb/v7-m/nofp\libc_nano.a(libc_a-nano-vfprintf.o)
 .text.__sfputs_r
                0x0000000008002ae8       0x24 C:/ST/STM32CubeIDE_1.14.1/STM32CubeIDE/plugins/com.st.stm32cube.ide.mcu.externaltools.gnu-tools-for-stm32.11.3.rel1.win32_1.1.100.202309141235/tools/bin/../lib/gcc/arm-none-eabi/11.3.1/../../../../arm-none-eabi/lib/thumb/v7-m/nofp\libc_nano.a(libc_a-nano-vfprintf.o)
                0x0000000008002ae8                __sfputs_r
 .text._vfprintf_r
                0x0000000008002b0c      0x234 C:/ST/STM32CubeIDE_1.14.1/STM32CubeIDE/plugins/com.st.stm32cube.ide.mcu.externaltools.gnu-tools-for-stm32.11.3.rel1.win32_1.1.100.202309141235/tools/bin/../lib/gcc/arm-none-eabi/11.3.1/../../../../arm-none-eabi/lib/thumb/v7-m/nofp\libc_nano.a(libc_a-nano-vfprintf.o)
                0x0000000008002b0c                _vfprintf_r
                0x0000000008002b0c                _vfiprintf_r
 .text._printf_common
                0x0000000008002d40       0xe4 C:/ST/STM32CubeIDE_1.14.1/STM32CubeIDE/plugins/com.st.stm32cube.ide.mcu.externaltools.gnu-tools-for-stm32.11.3.rel1.win32_1.1.100.202309141235/tools/bin/../lib/gcc/arm-none-eabi/11.3.1/../../../../arm-none-eabi/lib/thumb/v7-m/nofp\libc_nano.a(libc_a-nano-vfprintf_i.o)
                0x0000000008002d40                _printf_common
 .text._printf_i
                0x0000000008002e24      0x244 C:/ST/STM32CubeIDE_1.14.1/STM32CubeIDE/plugins/com.st.stm32cube.ide.mcu.externaltools.gnu-tools-for-stm32.11.3.rel1.win32_1.1.100.202309141235/tools/bin/../lib/gcc/arm-none-eabi/11.3.1/../../../../arm-none-eabi/lib/thumb/v7-m/nofp\libc_nano.a(libc_a-nano-vfprintf_i.o)
                0x0000000008002e24                _printf_i
 .text.__swbuf_r
                0x0000000008003068       0x7a C:/ST/STM32CubeIDE_1.14.1/STM32CubeIDE/plugins/com.st.stm32cube.ide.mcu.externaltools.gnu-tools-for-stm32.11.3.rel1.win32_1.1.100.202309141235/tools/bin/../lib/gcc/arm-none-eabi/11.3.1/../../../../arm-none-eabi/lib/thumb/v7-m/nofp\libc_nano.a(libc_a-wbuf.o)
                0x0000000008003068                __swbuf_r
 *fill*         0x00000000080030e2        0x2 
 .text.__swsetup_r
                0x00000000080030e4       0xb0 C:/ST/STM32CubeIDE_1.14.1/STM32CubeIDE/plugins/com.st.stm32cube.ide.mcu.externaltools.gnu-tools-for-stm32.11.3.rel1.win32_1.1.100.202309141235/tools/bin/../lib/gcc/arm-none-eabi/11.3.1/../../../../arm-none-eabi/lib/thumb/v7-m/nofp\libc_nano.a(libc_a-wsetup.o)
                0x00000000080030e4                __swsetup_r
 .text._raise_r
                0x0000000008003194       0x50 C:/ST/STM32CubeIDE_1.14.1/STM32CubeIDE/plugins/com.st.stm32cube.ide.mcu.externaltools.gnu-tools-for-stm32.11.3.rel1.win32_1.1.100.202309141235/tools/bin/../lib/gcc/arm-none-eabi/11.3.1/../../../../arm-none-eabi/lib/thumb/v7-m/nofp\libc_nano.a(libc_a-signal.o)
                0x0000000008003194                _raise_r
 .text.raise    0x00000000080031e4       0x10 C:/ST/STM32CubeIDE_1.14.1/STM32CubeIDE/plugins/com.st.stm32cube.ide.mcu.externaltools.gnu-tools-for-stm32.11.3.rel1.win32_1.1.100.202309141235/tools/bin/../lib/gcc/arm-none-eabi/11.3.1/../../../../arm-none-eabi/lib/thumb/v7-m/nofp\libc_nano.a(libc_a-signal.o)
                0x00000000080031e4                raise
 .text._kill_r  0x00000000080031f4       0x24 C:/ST/STM32CubeIDE_1.14.1/STM32CubeIDE/plugins/com.st.stm32cube.ide.mcu.externaltools.gnu-tools-for-stm32.11.3.rel1.win32_1.1.100.202309141235/tools/bin/../lib/gcc/arm-none-eabi/11.3.1/../../../../arm-none-eabi/lib/thumb/v7-m/nofp\libc_nano.a(libc_a-signalr.o)
                0x00000000080031f4                _kill_r
 .text._getpid_r
                0x0000000008003218        0x4 C:/ST/STM32CubeIDE_1.14.1/STM32CubeIDE/plugins/com.st.stm32cube.ide.mcu.externaltools.gnu-tools-for-stm32.11.3.rel1.win32_1.1.100.202309141235/tools/bin/../lib/gcc/arm-none-eabi/11.3.1/../../../../arm-none-eabi/lib/thumb/v7-m/nofp\libc_nano.a(libc_a-signalr.o)
                0x0000000008003218                _getpid_r
 .text.memchr   0x000000000800321c       0x1c C:/ST/STM32CubeIDE_1.14.1/STM32CubeIDE/plugins/com.st.stm32cube.ide.mcu.externaltools.gnu-tools-for-stm32.11.3.rel1.win32_1.1.100.202309141235/tools/bin/../lib/gcc/arm-none-eabi/11.3.1/../../../../arm-none-eabi/lib/thumb/v7-m/nofp\libc_nano.a(libc_a-memchr-stub.o)
                0x000000000800321c                memchr
 .text.__swhatbuf_r
                0x0000000008003238       0x4a C:/ST/STM32CubeIDE_1.14.1/STM32CubeIDE/plugins/com.st.stm32cube.ide.mcu.externaltools.gnu-tools-for-stm32.11.3.rel1.win32_1.1.100.202309141235/tools/bin/../lib/gcc/arm-none-eabi/11.3.1/../../../../arm-none-eabi/lib/thumb/v7-m/nofp\libc_nano.a(libc_a-makebuf.o)
                0x0000000008003238                __swhatbuf_r
 .text.__smakebuf_r
                0x0000000008003282       0x78 C:/ST/STM32CubeIDE_1.14.1/STM32CubeIDE/plugins/com.st.stm32cube.ide.mcu.externaltools.gnu-tools-for-stm32.11.3.rel1.win32_1.1.100.202309141235/tools/bin/../lib/gcc/arm-none-eabi/11.3.1/../../../../arm-none-eabi/lib/thumb/v7-m/nofp\libc_nano.a(libc_a-makebuf.o)
                0x0000000008003282                __smakebuf_r
 *fill*         0x00000000080032fa        0x2 
 .text._fstat_r
                0x00000000080032fc       0x24 C:/ST/STM32CubeIDE_1.14.1/STM32CubeIDE/plugins/com.st.stm32cube.ide.mcu.externaltools.gnu-tools-for-stm32.11.3.rel1.win32_1.1.100.202309141235/tools/bin/../lib/gcc/arm-none-eabi/11.3.1/../../../../arm-none-eabi/lib/thumb/v7-m/nofp\libc_nano.a(libc_a-fstatr.o)
                0x00000000080032fc                _fstat_r
 .text._isatty_r
                0x0000000008003320       0x20 C:/ST/STM32CubeIDE_1.14.1/STM32CubeIDE/plugins/com.st.stm32cube.ide.mcu.externaltools.gnu-tools-for-stm32.11.3.rel1.win32_1.1.100.202309141235/tools/bin/../lib/gcc/arm-none-eabi/11.3.1/../../../../arm-none-eabi/lib/thumb/v7-m/nofp\libc_nano.a(libc_a-isattyr.o)
                0x0000000008003320                _isatty_r
 .text._close   0x0000000008003340       0x10 C:/ST/STM32CubeIDE_1.14.1/STM32CubeIDE/plugins/com.st.stm32cube.ide.mcu.externaltools.gnu-tools-for-stm32.11.3.rel1.win32_1.1.100.202309141235/tools/bin/../lib/gcc/arm-none-eabi/11.3.1/../../../../arm-none-eabi/lib/thumb/v7-m/nofp\libnosys.a(close.o)
                0x0000000008003340                _close
 .text._fstat   0x0000000008003350       0x10 C:/ST/STM32CubeIDE_1.14.1/STM32CubeIDE/plugins/com.st.stm32cube.ide.mcu.externaltools.gnu-tools-for-stm32.11.3.rel1.win32_1.1.100.202309141235/tools/bin/../lib/gcc/arm-none-eabi/11.3.1/../../../../arm-none-eabi/lib/thumb/v7-m/nofp\libnosys.a(fstat.o)
                0x0000000008003350                _fstat
 .text._getpid  0x0000000008003360       0x10 C:/ST/STM32CubeIDE_1.14.1/STM32CubeIDE/plugins/com.st.stm32cube.ide.mcu.externaltools.gnu-tools-for-stm32.11.3.rel1.win32_1.1.100.202309141235/tools/bin/../lib/gcc/arm-none-eabi/11.3.1/../../../../arm-none-eabi/lib/thumb/v7-m/nofp\libnosys.a(getpid.o)
                0x0000000008003360                _getpid
 .text._gettimeofday
                0x0000000008003370       0x10 C:/ST/STM32CubeIDE_1.14.1/STM32CubeIDE/plugins/com.st.stm32cube.ide.mcu.externaltools.gnu-tools-for-stm32.11.3.rel1.win32_1.1.100.202309141235/tools/bin/../lib/gcc/arm-none-eabi/11.3.1/../../../../arm-none-eabi/lib/thumb/v7-m/nofp\libnosys.a(gettod.o)
                0x0000000008003370                _gettimeofday
 .text._isatty  0x0000000008003380       0x10 C:/ST/STM32CubeIDE_1.14.1/STM32CubeIDE/plugins/com.st.stm32cube.ide.mcu.externaltools.gnu-tools-for-stm32.11.3.rel1.win32_1.1.100.202309141235/tools/bin/../lib/gcc/arm-none-eabi/11.3.1/../../../../arm-none-eabi/lib/thumb/v7-m/nofp\libnosys.a(isatty.o)
                0x0000000008003380                _isatty
 .text._kill    0x0000000008003390       0x10 C:/ST/STM32CubeIDE_1.14.1/STM32CubeIDE/plugins/com.st.stm32cube.ide.mcu.externaltools.gnu-tools-for-stm32.11.3.rel1.win32_1.1.100.202309141235/tools/bin/../lib/gcc/arm-none-eabi/11.3.1/../../../../arm-none-eabi/lib/thumb/v7-m/nofp\libnosys.a(kill.o)
                0x0000000008003390                _kill
 .text._lseek   0x00000000080033a0       0x10 C:/ST/STM32CubeIDE_1.14.1/STM32CubeIDE/plugins/com.st.stm32cube.ide.mcu.externaltools.gnu-tools-for-stm32.11.3.rel1.win32_1.1.100.202309141235/tools/bin/../lib/gcc/arm-none-eabi/11.3.1/../../../../arm-none-eabi/lib/thumb/v7-m/nofp\libnosys.a(lseek.o)
                0x00000000080033a0                _lseek
 .text._read    0x00000000080033b0       0x10 C:/ST/STM32CubeIDE_1.14.1/STM32CubeIDE/plugins/com.st.stm32cube.ide.mcu.externaltools.gnu-tools-for-stm32.11.3.rel1.win32_1.1.100.202309141235/tools/bin/../lib/gcc/arm-none-eabi/11.3.1/../../../../arm-none-eabi/lib/thumb/v7-m/nofp\libnosys.a(read.o)
                0x00000000080033b0                _read
 .text._sbrk    0x00000000080033c0       0x1c C:/ST/STM32CubeIDE_1.14.1/STM32CubeIDE/plugins/com.st.stm32cube.ide.mcu.externaltools.gnu-tools-for-stm32.11.3.rel1.win32_1.1.100.202309141235/tools/bin/../lib/gcc/arm-none-eabi/11.3.1/../../../../arm-none-eabi/lib/thumb/v7-m/nofp\libnosys.a(sbrk.o)
                0x00000000080033c0                _sbrk
 .text._write   0x00000000080033dc       0x10 C:/ST/STM32CubeIDE_1.14.1/STM32CubeIDE/plugins/com.st.stm32cube.ide.mcu.externaltools.gnu-tools-for-stm32.11.3.rel1.win32_1.1.100.202309141235/tools/bin/../lib/gcc/arm-none-eabi/11.3.1/../../../../arm-none-eabi/lib/thumb/v7-m/nofp\libnosys.a(write.o)
                0x00000000080033dc                _write
 .text._exit    0x00000000080033ec        0x2 C:/ST/STM32CubeIDE_1.14.1/STM32CubeIDE/plugins/com.st.stm32cube.ide.mcu.externaltools.gnu-tools-for-stm32.11.3.rel1.win32_1.1.100.202309141235/tools/bin/../lib/gcc/arm-none-eabi/11.3.1/../../../../arm-none-eabi/lib/thumb/v7-m/nofp\libnosys.a(_exit.o)
                0x00000000080033ec                _exit
 *(.glue_7)
 .glue_7        0x00000000080033ee        0x0 linker stubs
 *(.glue_7t)
 .glue_7t       0x00000000080033ee        0x0 linker stubs
 *(.eh_frame)
 *fill*         0x00000000080033ee        0x2 
 .eh_frame      0x00000000080033f0        0x0 C:/ST/STM32CubeIDE_1.14.1/STM32CubeIDE/plugins/com.st.stm32cube.ide.mcu.externaltools.gnu-tools-for-stm32.11.3.rel1.win32_1.1.100.202309141235/tools/bin/../lib/gcc/arm-none-eabi/11.3.1/thumb/v7-m/nofp/crtbegin.o
 *(.init)
 .init          0x00000000080033f0        0x4 C:/ST/STM32CubeIDE_1.14.1/STM32CubeIDE/plugins/com.st.stm32cube.ide.mcu.externaltools.gnu-tools-for-stm32.11.3.rel1.win32_1.1.100.202309141235/tools/bin/../lib/gcc/arm-none-eabi/11.3.1/thumb/v7-m/nofp/crti.o
                0x00000000080033f0                _init
 .init          0x00000000080033f4        0x8 C:/ST/STM32CubeIDE_1.14.1/STM32CubeIDE/plugins/com.st.stm32cube.ide.mcu.externaltools.gnu-tools-for-stm32.11.3.rel1.win32_1.1.100.202309141235/tools/bin/../lib/gcc/arm-none-eabi/11.3.1/thumb/v7-m/nofp/crtn.o
 *(.fini)
 .fini          0x00000000080033fc        0x4 C:/ST/STM32CubeIDE_1.14.1/STM32CubeIDE/plugins/com.st.stm32cube.ide.mcu.externaltools.gnu-tools-for-stm32.11.3.rel1.win32_1.1.100.202309141235/tools/bin/../lib/gcc/arm-none-eabi/11.3.1/thumb/v7-m/nofp/crti.o
                0x00000000080033fc                _fini
 .fini          0x0000000008003400        0x8 C:/ST/STM32CubeIDE_1.14.1/STM32CubeIDE/plugins/com.st.stm32cube.ide.mcu.externaltools.gnu-tools-for-stm32.11.3.rel1.win32_1.1.100.202309141235/tools/bin/../lib/gcc/arm-none-eabi/11.3.1/thumb/v7-m/nofp/crtn.o
                0x0000000008003408                . = ALIGN (0x4)
                0x0000000008003408                _etext = .

.vfp11_veneer   0x0000000008003408        0x0
 .vfp11_veneer  0x0000000008003408        0x0 linker stubs

.v4_bx          0x0000000008003408        0x0
 .v4_bx         0x0000000008003408        0x0 linker stubs

.iplt           0x0000000008003408        0x0
 .iplt          0x0000000008003408        0x0 C:/ST/STM32CubeIDE_1.14.1/STM32CubeIDE/plugins/com.st.stm32cube.ide.mcu.externaltools.gnu-tools-for-stm32.11.3.rel1.win32_1.1.100.202309141235/tools/bin/../lib/gcc/arm-none-eabi/11.3.1/thumb/v7-m/nofp/crtbegin.o

.rodata         0x0000000008003408      0x330
                0x0000000008003408                . = ALIGN (0x4)
 *(.rodata)
 *(.rodata*)
 .rodata.PacketSm_de
                0x0000000008003408       0x18 ./Core/UDSM/UDSM_program.o
 .rodata.PacketSm_en
                0x0000000008003420       0x18 ./Core/UDSM/UDSM_program.o
 .rodata.Commands_Table
                0x0000000008003438      0x200 ./Core/UDSM/UDSM_program.o
 .rodata.Data_Table
                0x0000000008003638       0x20 ./Core/UDSM/UDSM_program.o
 .rodata.srand.str1.1
                0x0000000008003658       0x6f C:/ST/STM32CubeIDE_1.14.1/STM32CubeIDE/plugins/com.st.stm32cube.ide.mcu.externaltools.gnu-tools-for-stm32.11.3.rel1.win32_1.1.100.202309141235/tools/bin/../lib/gcc/arm-none-eabi/11.3.1/../../../../arm-none-eabi/lib/thumb/v7-m/nofp\libc_nano.a(libc_a-rand.o)
 .rodata.__assert_func.str1.1
                0x00000000080036c7       0x3c C:/ST/STM32CubeIDE_1.14.1/STM32CubeIDE/plugins/com.st.stm32cube.ide.mcu.externaltools.gnu-tools-for-stm32.11.3.rel1.win32_1.1.100.202309141235/tools/bin/../lib/gcc/arm-none-eabi/11.3.1/../../../../arm-none-eabi/lib/thumb/v7-m/nofp\libc_nano.a(libc_a-assert.o)
                                         0x3d (size before relaxing)
 .rodata._vfprintf_r.str1.1
                0x0000000008003703       0x11 C:/ST/STM32CubeIDE_1.14.1/STM32CubeIDE/plugins/com.st.stm32cube.ide.mcu.externaltools.gnu-tools-for-stm32.11.3.rel1.win32_1.1.100.202309141235/tools/bin/../lib/gcc/arm-none-eabi/11.3.1/../../../../arm-none-eabi/lib/thumb/v7-m/nofp\libc_nano.a(libc_a-nano-vfprintf.o)
 .rodata._printf_i.str1.1
                0x0000000008003714       0x22 C:/ST/STM32CubeIDE_1.14.1/STM32CubeIDE/plugins/com.st.stm32cube.ide.mcu.externaltools.gnu-tools-for-stm32.11.3.rel1.win32_1.1.100.202309141235/tools/bin/../lib/gcc/arm-none-eabi/11.3.1/../../../../arm-none-eabi/lib/thumb/v7-m/nofp\libc_nano.a(libc_a-nano-vfprintf_i.o)
                0x0000000008003738                . = ALIGN (0x4)
 *fill*         0x0000000008003736        0x2 

.rel.dyn        0x0000000008003738        0x0
 .rel.iplt      0x0000000008003738        0x0 C:/ST/STM32CubeIDE_1.14.1/STM32CubeIDE/plugins/com.st.stm32cube.ide.mcu.externaltools.gnu-tools-for-stm32.11.3.rel1.win32_1.1.100.202309141235/tools/bin/../lib/gcc/arm-none-eabi/11.3.1/thumb/v7-m/nofp/crtbegin.o

.ARM.extab      0x0000000008003738        0x0
                0x0000000008003738                . = ALIGN (0x4)
 *(.ARM.extab* .gnu.linkonce.armextab.*)
                0x0000000008003738                . = ALIGN (0x4)

.ARM            0x0000000008003738        0x0
                0x0000000008003738                . = ALIGN (0x4)
                0x0000000008003738                __exidx_start = .
 *(.ARM.exidx*)
                0x0000000008003738                __exidx_end = .
                0x0000000008003738                . = ALIGN (0x4)

.preinit_array  0x0000000008003738        0x0
                0x0000000008003738                . = ALIGN (0x4)
                0x0000000008003738                PROVIDE (__preinit_array_start = .)
 *(.preinit_array*)
                0x0000000008003738                PROVIDE (__preinit_array_end = .)
                0x0000000008003738                . = ALIGN (0x4)

.init_array     0x0000000008003738        0x4
                0x0000000008003738                . = ALIGN (0x4)
                0x0000000008003738                PROVIDE (__init_array_start = .)
 *(SORT_BY_NAME(.init_array.*))
 *(.init_array*)
 .init_array    0x0000000008003738        0x4 C:/ST/STM32CubeIDE_1.14.1/STM32CubeIDE/plugins/com.st.stm32cube.ide.mcu.externaltools.gnu-tools-for-stm32.11.3.rel1.win32_1.1.100.202309141235/tools/bin/../lib/gcc/arm-none-eabi/11.3.1/thumb/v7-m/nofp/crtbegin.o
                0x000000000800373c                PROVIDE (__init_array_end = .)
                0x000000000800373c                . = ALIGN (0x4)

.fini_array     0x000000000800373c        0x4
                0x000000000800373c                . = ALIGN (0x4)
                [!provide]                        PROVIDE (__fini_array_start = .)
 *(SORT_BY_NAME(.fini_array.*))
 *(.fini_array*)
 .fini_array    0x000000000800373c        0x4 C:/ST/STM32CubeIDE_1.14.1/STM32CubeIDE/plugins/com.st.stm32cube.ide.mcu.externaltools.gnu-tools-for-stm32.11.3.rel1.win32_1.1.100.202309141235/tools/bin/../lib/gcc/arm-none-eabi/11.3.1/thumb/v7-m/nofp/crtbegin.o
                [!provide]                        PROVIDE (__fini_array_end = .)
                0x0000000008003740                . = ALIGN (0x4)
                0x0000000008003740                _sidata = LOADADDR (.data)

.data           0x0000000020000000       0x9c load address 0x0000000008003740
                0x0000000020000000                . = ALIGN (0x4)
                0x0000000020000000                _sdata = .
 *(.data)
 *(.data*)
 .data.key      0x0000000020000000        0xc ./Core/CAN/CAN_program.o
                0x0000000020000000                key
 .data.CAN_TxMailboxCompleteCallback
                0x000000002000000c        0xc ./Core/CAN/CAN_program.o
                0x000000002000000c                CAN_TxMailboxCompleteCallback
 .data.CAN_TxMailboxAbortCallback
                0x0000000020000018        0xc ./Core/CAN/CAN_program.o
                0x0000000020000018                CAN_TxMailboxAbortCallback
 .data.ID_frame
                0x0000000020000024        0x1 ./Core/CAN_TP/CANTP_program.o
                0x0000000020000024                ID_frame
 *fill*         0x0000000020000025        0x3 
 .data.data_1   0x0000000020000028        0x3 ./Core/UDSM/UDSM_program.o
                0x0000000020000028                data_1
 *fill*         0x000000002000002b        0x1 
 .data.data_2   0x000000002000002c        0xa ./Core/UDSM/UDSM_program.o
                0x000000002000002c                data_2
 *fill*         0x0000000020000036        0x2 
 .data.ptr_packet
                0x0000000020000038        0x4 ./Core/UDSM/UDSM_program.o
                0x0000000020000038                ptr_packet
 .data.Current_Session
                0x000000002000003c        0x1 ./Core/UDSM/UDSM_program.o
                0x000000002000003c                Current_Session
 .data.Current_Level
                0x000000002000003d        0x1 ./Core/UDSM/UDSM_program.o
                0x000000002000003d                Current_Level
 .data.Data_Table_len
                0x000000002000003e        0x1 ./Core/UDSM/UDSM_program.o
                0x000000002000003e                Data_Table_len
 *fill*         0x000000002000003f        0x1 
 .data.__sglue  0x0000000020000040        0xc C:/ST/STM32CubeIDE_1.14.1/STM32CubeIDE/plugins/com.st.stm32cube.ide.mcu.externaltools.gnu-tools-for-stm32.11.3.rel1.win32_1.1.100.202309141235/tools/bin/../lib/gcc/arm-none-eabi/11.3.1/../../../../arm-none-eabi/lib/thumb/v7-m/nofp\libc_nano.a(libc_a-findfp.o)
                0x0000000020000040                __sglue
 .data._impure_data
                0x000000002000004c       0x4c C:/ST/STM32CubeIDE_1.14.1/STM32CubeIDE/plugins/com.st.stm32cube.ide.mcu.externaltools.gnu-tools-for-stm32.11.3.rel1.win32_1.1.100.202309141235/tools/bin/../lib/gcc/arm-none-eabi/11.3.1/../../../../arm-none-eabi/lib/thumb/v7-m/nofp\libc_nano.a(libc_a-impure.o)
                0x000000002000004c                _impure_data
 .data._impure_ptr
                0x0000000020000098        0x4 C:/ST/STM32CubeIDE_1.14.1/STM32CubeIDE/plugins/com.st.stm32cube.ide.mcu.externaltools.gnu-tools-for-stm32.11.3.rel1.win32_1.1.100.202309141235/tools/bin/../lib/gcc/arm-none-eabi/11.3.1/../../../../arm-none-eabi/lib/thumb/v7-m/nofp\libc_nano.a(libc_a-impure.o)
                0x0000000020000098                _impure_ptr
 *(.RamFunc)
 *(.RamFunc*)
                0x000000002000009c                . = ALIGN (0x4)
                0x000000002000009c                _edata = .

.igot.plt       0x000000002000009c        0x0 load address 0x00000000080037dc
 .igot.plt      0x000000002000009c        0x0 C:/ST/STM32CubeIDE_1.14.1/STM32CubeIDE/plugins/com.st.stm32cube.ide.mcu.externaltools.gnu-tools-for-stm32.11.3.rel1.win32_1.1.100.202309141235/tools/bin/../lib/gcc/arm-none-eabi/11.3.1/thumb/v7-m/nofp/crtbegin.o
                0x000000002000009c                . = ALIGN (0x4)

.bss            0x000000002000009c      0x364 load address 0x00000000080037dc
                0x000000002000009c                _sbss = .
                0x000000002000009c                __bss_start__ = _sbss
 *(.bss)
 .bss           0x000000002000009c       0x1c C:/ST/STM32CubeIDE_1.14.1/STM32CubeIDE/plugins/com.st.stm32cube.ide.mcu.externaltools.gnu-tools-for-stm32.11.3.rel1.win32_1.1.100.202309141235/tools/bin/../lib/gcc/arm-none-eabi/11.3.1/thumb/v7-m/nofp/crtbegin.o
 *(.bss*)
 .bss.key_gen   0x00000000200000b8      0x100 ./Core/CAN/CAN_program.o
                0x00000000200000b8                key_gen
 .bss.gDATA     0x00000000200001b8        0x8 ./Core/CAN/CAN_program.o
 .bss.gDATA_Len
                0x00000000200001c0        0x1 ./Core/CAN/CAN_program.o
 *fill*         0x00000000200001c1        0x3 
 .bss.fun_1     0x00000000200001c4        0x4 ./Core/CAN/CAN_program.o
 .bss.CAN_ErrorCode
                0x00000000200001c8        0x4 ./Core/CAN/CAN_program.o
                0x00000000200001c8                CAN_ErrorCode
 .bss.flag_ack  0x00000000200001cc        0x2 ./Core/CAN_TP/CANTP_program.o
 .bss.tp_global_counter
                0x00000000200001ce        0x1 ./Core/CAN_TP/CANTP_program.o
 .bss.tp_current_ind
                0x00000000200001cf        0x1 ./Core/CAN_TP/CANTP_program.o
 .bss.tp_cons_ind_1
                0x00000000200001d0        0x1 ./Core/CAN_TP/CANTP_program.o
 *fill*         0x00000000200001d1        0x1 
 .bss.length    0x00000000200001d2        0x2 ./Core/CAN_TP/CANTP_program.o
 .bss.len_temp  0x00000000200001d4        0x2 ./Core/CAN_TP/CANTP_program.o
 *fill*         0x00000000200001d6        0x2 
 .bss.buffer    0x00000000200001d8        0x8 ./Core/CAN_TP/CANTP_program.o
 .bss.ptr_1     0x00000000200001e0        0x4 ./Core/CAN_TP/CANTP_program.o
 .bss.ptr_2     0x00000000200001e4        0x4 ./Core/CAN_TP/CANTP_program.o
 .bss.fun_1     0x00000000200001e8        0x4 ./Core/CAN_TP/CANTP_program.o
 .bss.gdata_1   0x00000000200001ec        0x4 ./Core/CAN_TP/CANTP_program.o
                0x00000000200001ec                gdata_1
 .bss.gdata_2   0x00000000200001f0        0x4 ./Core/CAN_TP/CANTP_program.o
                0x00000000200001f0                gdata_2
 .bss.CallBack  0x00000000200001f4        0x4 ./Core/SYSTICK/SYSTICK_program.o
 .bss.Request_Flage
                0x00000000200001f8        0x1 ./Core/Src/main.o
                0x00000000200001f8                Request_Flage
 *fill*         0x00000000200001f9        0x3 
 .bss.ptr1_1    0x00000000200001fc        0x4 ./Core/UART/USRT_program.o
 .bss.buffer    0x0000000020000200       0x32 ./Core/UART/USRT_program.o
 *fill*         0x0000000020000232        0x2 
 .bss.flag_1    0x0000000020000234        0x4 ./Core/UART/USRT_program.o
 .bss.len_1     0x0000000020000238        0x4 ./Core/UART/USRT_program.o
 .bss.ptr2      0x000000002000023c        0x4 ./Core/UART/USRT_program.o
 .bss.length.0  0x0000000020000240        0x1 ./Core/UART/USRT_program.o
 *fill*         0x0000000020000241        0x3 
 .bss.My_Packet
                0x0000000020000244       0x44 ./Core/UDSM/UDSM_program.o
                0x0000000020000244                My_Packet
 .bss.Non_defualt_time_start_count_Flag
                0x0000000020000288        0x1 ./Core/UDSM/UDSM_program.o
                0x0000000020000288                Non_defualt_time_start_count_Flag
 .bss.p2_time_start_count_Flag
                0x0000000020000289        0x1 ./Core/UDSM/UDSM_program.o
                0x0000000020000289                p2_time_start_count_Flag
 .bss.nig_Flag  0x000000002000028a        0x1 ./Core/UDSM/UDSM_program.o
                0x000000002000028a                nig_Flag
 .bss.processing_Flag
                0x000000002000028b        0x1 ./Core/UDSM/UDSM_program.o
                0x000000002000028b                processing_Flag
 .bss.Security_time_start_count_Flag
                0x000000002000028c        0x1 ./Core/UDSM/UDSM_program.o
                0x000000002000028c                Security_time_start_count_Flag
 *fill*         0x000000002000028d        0x3 
 .bss.CAN_Package
                0x0000000020000290       0x14 ./Core/UDSM/UDSM_program.o
                0x0000000020000290                CAN_Package
 .bss.CAN_Package_len
                0x00000000200002a4        0x1 ./Core/UDSM/UDSM_program.o
                0x00000000200002a4                CAN_Package_len
 *fill*         0x00000000200002a5        0x1 
 .bss.S3_time_counter
                0x00000000200002a6        0x2 ./Core/UDSM/UDSM_program.o
 .bss.p2_Timeout_counter
                0x00000000200002a8        0x2 ./Core/UDSM/UDSM_program.o
 .bss.Security_Level_Timeout_counter
                0x00000000200002aa        0x2 ./Core/UDSM/UDSM_program.o
 .bss.PacketState_de
                0x00000000200002ac        0x1 ./Core/UDSM/UDSM_program.o
                0x00000000200002ac                PacketState_de
 .bss.PacketState_en
                0x00000000200002ad        0x1 ./Core/UDSM/UDSM_program.o
                0x00000000200002ad                PacketState_en
 .bss.Package_Target
                0x00000000200002ae        0x1 ./Core/UDSM/UDSM_program.o
                0x00000000200002ae                Package_Target
 .bss.Seed_Value.0
                0x00000000200002af        0x1 ./Core/UDSM/UDSM_program.o
 .bss.__sf      0x00000000200002b0      0x138 C:/ST/STM32CubeIDE_1.14.1/STM32CubeIDE/plugins/com.st.stm32cube.ide.mcu.externaltools.gnu-tools-for-stm32.11.3.rel1.win32_1.1.100.202309141235/tools/bin/../lib/gcc/arm-none-eabi/11.3.1/../../../../arm-none-eabi/lib/thumb/v7-m/nofp\libc_nano.a(libc_a-findfp.o)
                0x00000000200002b0                __sf
 .bss.__stdio_exit_handler
                0x00000000200003e8        0x4 C:/ST/STM32CubeIDE_1.14.1/STM32CubeIDE/plugins/com.st.stm32cube.ide.mcu.externaltools.gnu-tools-for-stm32.11.3.rel1.win32_1.1.100.202309141235/tools/bin/../lib/gcc/arm-none-eabi/11.3.1/../../../../arm-none-eabi/lib/thumb/v7-m/nofp\libc_nano.a(libc_a-findfp.o)
                0x00000000200003e8                __stdio_exit_handler
 .bss.errno     0x00000000200003ec        0x4 C:/ST/STM32CubeIDE_1.14.1/STM32CubeIDE/plugins/com.st.stm32cube.ide.mcu.externaltools.gnu-tools-for-stm32.11.3.rel1.win32_1.1.100.202309141235/tools/bin/../lib/gcc/arm-none-eabi/11.3.1/../../../../arm-none-eabi/lib/thumb/v7-m/nofp\libc_nano.a(libc_a-reent.o)
                0x00000000200003ec                errno
 .bss.__lock___malloc_recursive_mutex
                0x00000000200003f0        0x1 C:/ST/STM32CubeIDE_1.14.1/STM32CubeIDE/plugins/com.st.stm32cube.ide.mcu.externaltools.gnu-tools-for-stm32.11.3.rel1.win32_1.1.100.202309141235/tools/bin/../lib/gcc/arm-none-eabi/11.3.1/../../../../arm-none-eabi/lib/thumb/v7-m/nofp\libc_nano.a(libc_a-lock.o)
                0x00000000200003f0                __lock___malloc_recursive_mutex
 .bss.__lock___sfp_recursive_mutex
                0x00000000200003f1        0x1 C:/ST/STM32CubeIDE_1.14.1/STM32CubeIDE/plugins/com.st.stm32cube.ide.mcu.externaltools.gnu-tools-for-stm32.11.3.rel1.win32_1.1.100.202309141235/tools/bin/../lib/gcc/arm-none-eabi/11.3.1/../../../../arm-none-eabi/lib/thumb/v7-m/nofp\libc_nano.a(libc_a-lock.o)
                0x00000000200003f1                __lock___sfp_recursive_mutex
 *fill*         0x00000000200003f2        0x2 
 .bss.__malloc_free_list
                0x00000000200003f4        0x4 C:/ST/STM32CubeIDE_1.14.1/STM32CubeIDE/plugins/com.st.stm32cube.ide.mcu.externaltools.gnu-tools-for-stm32.11.3.rel1.win32_1.1.100.202309141235/tools/bin/../lib/gcc/arm-none-eabi/11.3.1/../../../../arm-none-eabi/lib/thumb/v7-m/nofp\libc_nano.a(libc_a-mallocr.o)
                0x00000000200003f4                __malloc_free_list
 .bss.__malloc_sbrk_start
                0x00000000200003f8        0x4 C:/ST/STM32CubeIDE_1.14.1/STM32CubeIDE/plugins/com.st.stm32cube.ide.mcu.externaltools.gnu-tools-for-stm32.11.3.rel1.win32_1.1.100.202309141235/tools/bin/../lib/gcc/arm-none-eabi/11.3.1/../../../../arm-none-eabi/lib/thumb/v7-m/nofp\libc_nano.a(libc_a-mallocr.o)
                0x00000000200003f8                __malloc_sbrk_start
 .bss.heap_end.0
                0x00000000200003fc        0x4 C:/ST/STM32CubeIDE_1.14.1/STM32CubeIDE/plugins/com.st.stm32cube.ide.mcu.externaltools.gnu-tools-for-stm32.11.3.rel1.win32_1.1.100.202309141235/tools/bin/../lib/gcc/arm-none-eabi/11.3.1/../../../../arm-none-eabi/lib/thumb/v7-m/nofp\libnosys.a(sbrk.o)
 *(COMMON)
                0x0000000020000400                . = ALIGN (0x4)
                0x0000000020000400                _ebss = .
                0x0000000020000400                __bss_end__ = _ebss

._user_heap_stack
                0x0000000020000400      0x600 load address 0x00000000080037dc
                0x0000000020000400                . = ALIGN (0x8)
                0x0000000020000400                PROVIDE (end = .)
                [!provide]                        PROVIDE (_end = .)
                0x0000000020000600                . = (. + _Min_Heap_Size)
 *fill*         0x0000000020000400      0x200 
                0x0000000020000a00                . = (. + _Min_Stack_Size)
 *fill*         0x0000000020000600      0x400 
                0x0000000020000a00                . = ALIGN (0x8)

/DISCARD/
 libc.a(*)
 libm.a(*)
 libgcc.a(*)

.ARM.attributes
                0x0000000000000000       0x29
 *(.ARM.attributes)
 .ARM.attributes
                0x0000000000000000       0x1d C:/ST/STM32CubeIDE_1.14.1/STM32CubeIDE/plugins/com.st.stm32cube.ide.mcu.externaltools.gnu-tools-for-stm32.11.3.rel1.win32_1.1.100.202309141235/tools/bin/../lib/gcc/arm-none-eabi/11.3.1/thumb/v7-m/nofp/crti.o
 .ARM.attributes
                0x000000000000001d       0x2d C:/ST/STM32CubeIDE_1.14.1/STM32CubeIDE/plugins/com.st.stm32cube.ide.mcu.externaltools.gnu-tools-for-stm32.11.3.rel1.win32_1.1.100.202309141235/tools/bin/../lib/gcc/arm-none-eabi/11.3.1/thumb/v7-m/nofp/crtbegin.o
 .ARM.attributes
                0x000000000000004a       0x2d ./Core/CAN/CAN_program.o
 .ARM.attributes
                0x0000000000000077       0x2d ./Core/CAN_TP/CANTP_program.o
 .ARM.attributes
                0x00000000000000a4       0x2d ./Core/GPIO/GPIO_program.o
 .ARM.attributes
                0x00000000000000d1       0x2d ./Core/GPIO/RCC_program.o
 .ARM.attributes
                0x00000000000000fe       0x2d ./Core/NVIC/NVIC_program.o
 .ARM.attributes
                0x000000000000012b       0x2d ./Core/SYSTICK/SYSTICK_program.o
 .ARM.attributes
                0x0000000000000158       0x2d ./Core/Src/encryption_lib.o
 .ARM.attributes
                0x0000000000000185       0x2d ./Core/Src/main.o
 .ARM.attributes
                0x00000000000001b2       0x21 ./Core/Startup/startup_stm32f103c8tx.o
 .ARM.attributes
                0x00000000000001d3       0x2d ./Core/UART/USRT_program.o
 .ARM.attributes
                0x0000000000000200       0x2d ./Core/UDSM/UDSM_program.o
 .ARM.attributes
                0x000000000000022d       0x2d C:/ST/STM32CubeIDE_1.14.1/STM32CubeIDE/plugins/com.st.stm32cube.ide.mcu.externaltools.gnu-tools-for-stm32.11.3.rel1.win32_1.1.100.202309141235/tools/bin/../lib/gcc/arm-none-eabi/11.3.1/../../../../arm-none-eabi/lib/thumb/v7-m/nofp\libc_nano.a(libc_a-rand.o)
 .ARM.attributes
                0x000000000000025a       0x2d C:/ST/STM32CubeIDE_1.14.1/STM32CubeIDE/plugins/com.st.stm32cube.ide.mcu.externaltools.gnu-tools-for-stm32.11.3.rel1.win32_1.1.100.202309141235/tools/bin/../lib/gcc/arm-none-eabi/11.3.1/../../../../arm-none-eabi/lib/thumb/v7-m/nofp\libc_nano.a(libc_a-findfp.o)
 .ARM.attributes
                0x0000000000000287       0x2d C:/ST/STM32CubeIDE_1.14.1/STM32CubeIDE/plugins/com.st.stm32cube.ide.mcu.externaltools.gnu-tools-for-stm32.11.3.rel1.win32_1.1.100.202309141235/tools/bin/../lib/gcc/arm-none-eabi/11.3.1/../../../../arm-none-eabi/lib/thumb/v7-m/nofp\libc_nano.a(libc_a-fwalk.o)
 .ARM.attributes
                0x00000000000002b4       0x2d C:/ST/STM32CubeIDE_1.14.1/STM32CubeIDE/plugins/com.st.stm32cube.ide.mcu.externaltools.gnu-tools-for-stm32.11.3.rel1.win32_1.1.100.202309141235/tools/bin/../lib/gcc/arm-none-eabi/11.3.1/../../../../arm-none-eabi/lib/thumb/v7-m/nofp\libc_nano.a(libc_a-stdio.o)
 .ARM.attributes
                0x00000000000002e1       0x2d C:/ST/STM32CubeIDE_1.14.1/STM32CubeIDE/plugins/com.st.stm32cube.ide.mcu.externaltools.gnu-tools-for-stm32.11.3.rel1.win32_1.1.100.202309141235/tools/bin/../lib/gcc/arm-none-eabi/11.3.1/../../../../arm-none-eabi/lib/thumb/v7-m/nofp\libc_nano.a(libc_a-memset.o)
 .ARM.attributes
                0x000000000000030e       0x2d C:/ST/STM32CubeIDE_1.14.1/STM32CubeIDE/plugins/com.st.stm32cube.ide.mcu.externaltools.gnu-tools-for-stm32.11.3.rel1.win32_1.1.100.202309141235/tools/bin/../lib/gcc/arm-none-eabi/11.3.1/../../../../arm-none-eabi/lib/thumb/v7-m/nofp\libc_nano.a(libc_a-time.o)
 .ARM.attributes
                0x000000000000033b       0x2d C:/ST/STM32CubeIDE_1.14.1/STM32CubeIDE/plugins/com.st.stm32cube.ide.mcu.externaltools.gnu-tools-for-stm32.11.3.rel1.win32_1.1.100.202309141235/tools/bin/../lib/gcc/arm-none-eabi/11.3.1/../../../../arm-none-eabi/lib/thumb/v7-m/nofp\libc_nano.a(libc_a-closer.o)
 .ARM.attributes
                0x0000000000000368       0x2d C:/ST/STM32CubeIDE_1.14.1/STM32CubeIDE/plugins/com.st.stm32cube.ide.mcu.externaltools.gnu-tools-for-stm32.11.3.rel1.win32_1.1.100.202309141235/tools/bin/../lib/gcc/arm-none-eabi/11.3.1/../../../../arm-none-eabi/lib/thumb/v7-m/nofp\libc_nano.a(libc_a-reent.o)
 .ARM.attributes
                0x0000000000000395       0x2d C:/ST/STM32CubeIDE_1.14.1/STM32CubeIDE/plugins/com.st.stm32cube.ide.mcu.externaltools.gnu-tools-for-stm32.11.3.rel1.win32_1.1.100.202309141235/tools/bin/../lib/gcc/arm-none-eabi/11.3.1/../../../../arm-none-eabi/lib/thumb/v7-m/nofp\libc_nano.a(libc_a-impure.o)
 .ARM.attributes
                0x00000000000003c2       0x2d C:/ST/STM32CubeIDE_1.14.1/STM32CubeIDE/plugins/com.st.stm32cube.ide.mcu.externaltools.gnu-tools-for-stm32.11.3.rel1.win32_1.1.100.202309141235/tools/bin/../lib/gcc/arm-none-eabi/11.3.1/../../../../arm-none-eabi/lib/thumb/v7-m/nofp\libc_nano.a(libc_a-gettimeofdayr.o)
 .ARM.attributes
                0x00000000000003ef       0x2d C:/ST/STM32CubeIDE_1.14.1/STM32CubeIDE/plugins/com.st.stm32cube.ide.mcu.externaltools.gnu-tools-for-stm32.11.3.rel1.win32_1.1.100.202309141235/tools/bin/../lib/gcc/arm-none-eabi/11.3.1/../../../../arm-none-eabi/lib/thumb/v7-m/nofp\libc_nano.a(libc_a-lseekr.o)
 .ARM.attributes
                0x000000000000041c       0x2d C:/ST/STM32CubeIDE_1.14.1/STM32CubeIDE/plugins/com.st.stm32cube.ide.mcu.externaltools.gnu-tools-for-stm32.11.3.rel1.win32_1.1.100.202309141235/tools/bin/../lib/gcc/arm-none-eabi/11.3.1/../../../../arm-none-eabi/lib/thumb/v7-m/nofp\libc_nano.a(libc_a-readr.o)
 .ARM.attributes
                0x0000000000000449       0x2d C:/ST/STM32CubeIDE_1.14.1/STM32CubeIDE/plugins/com.st.stm32cube.ide.mcu.externaltools.gnu-tools-for-stm32.11.3.rel1.win32_1.1.100.202309141235/tools/bin/../lib/gcc/arm-none-eabi/11.3.1/../../../../arm-none-eabi/lib/thumb/v7-m/nofp\libc_nano.a(libc_a-writer.o)
 .ARM.attributes
                0x0000000000000476       0x2d C:/ST/STM32CubeIDE_1.14.1/STM32CubeIDE/plugins/com.st.stm32cube.ide.mcu.externaltools.gnu-tools-for-stm32.11.3.rel1.win32_1.1.100.202309141235/tools/bin/../lib/gcc/arm-none-eabi/11.3.1/../../../../arm-none-eabi/lib/thumb/v7-m/nofp\libc_nano.a(libc_a-init.o)
 .ARM.attributes
                0x00000000000004a3       0x2d C:/ST/STM32CubeIDE_1.14.1/STM32CubeIDE/plugins/com.st.stm32cube.ide.mcu.externaltools.gnu-tools-for-stm32.11.3.rel1.win32_1.1.100.202309141235/tools/bin/../lib/gcc/arm-none-eabi/11.3.1/../../../../arm-none-eabi/lib/thumb/v7-m/nofp\libc_nano.a(libc_a-lock.o)
 .ARM.attributes
                0x00000000000004d0       0x17 C:/ST/STM32CubeIDE_1.14.1/STM32CubeIDE/plugins/com.st.stm32cube.ide.mcu.externaltools.gnu-tools-for-stm32.11.3.rel1.win32_1.1.100.202309141235/tools/bin/../lib/gcc/arm-none-eabi/11.3.1/../../../../arm-none-eabi/lib/thumb/v7-m/nofp\libc_nano.a(libc_a-strlen.o)
 .ARM.attributes
                0x00000000000004e7       0x2d C:/ST/STM32CubeIDE_1.14.1/STM32CubeIDE/plugins/com.st.stm32cube.ide.mcu.externaltools.gnu-tools-for-stm32.11.3.rel1.win32_1.1.100.202309141235/tools/bin/../lib/gcc/arm-none-eabi/11.3.1/../../../../arm-none-eabi/lib/thumb/v7-m/nofp\libc_nano.a(libc_a-assert.o)
 .ARM.attributes
                0x0000000000000514       0x2d C:/ST/STM32CubeIDE_1.14.1/STM32CubeIDE/plugins/com.st.stm32cube.ide.mcu.externaltools.gnu-tools-for-stm32.11.3.rel1.win32_1.1.100.202309141235/tools/bin/../lib/gcc/arm-none-eabi/11.3.1/../../../../arm-none-eabi/lib/thumb/v7-m/nofp\libc_nano.a(libc_a-freer.o)
 .ARM.attributes
                0x0000000000000541       0x2d C:/ST/STM32CubeIDE_1.14.1/STM32CubeIDE/plugins/com.st.stm32cube.ide.mcu.externaltools.gnu-tools-for-stm32.11.3.rel1.win32_1.1.100.202309141235/tools/bin/../lib/gcc/arm-none-eabi/11.3.1/../../../../arm-none-eabi/lib/thumb/v7-m/nofp\libc_nano.a(libc_a-malloc.o)
 .ARM.attributes
                0x000000000000056e       0x2d C:/ST/STM32CubeIDE_1.14.1/STM32CubeIDE/plugins/com.st.stm32cube.ide.mcu.externaltools.gnu-tools-for-stm32.11.3.rel1.win32_1.1.100.202309141235/tools/bin/../lib/gcc/arm-none-eabi/11.3.1/../../../../arm-none-eabi/lib/thumb/v7-m/nofp\libc_nano.a(libc_a-mallocr.o)
 .ARM.attributes
                0x000000000000059b       0x2d C:/ST/STM32CubeIDE_1.14.1/STM32CubeIDE/plugins/com.st.stm32cube.ide.mcu.externaltools.gnu-tools-for-stm32.11.3.rel1.win32_1.1.100.202309141235/tools/bin/../lib/gcc/arm-none-eabi/11.3.1/../../../../arm-none-eabi/lib/thumb/v7-m/nofp\libc_nano.a(libc_a-mlock.o)
 .ARM.attributes
                0x00000000000005c8       0x2d C:/ST/STM32CubeIDE_1.14.1/STM32CubeIDE/plugins/com.st.stm32cube.ide.mcu.externaltools.gnu-tools-for-stm32.11.3.rel1.win32_1.1.100.202309141235/tools/bin/../lib/gcc/arm-none-eabi/11.3.1/../../../../arm-none-eabi/lib/thumb/v7-m/nofp\libc_nano.a(libc_a-fflush.o)
 .ARM.attributes
                0x00000000000005f5       0x2d C:/ST/STM32CubeIDE_1.14.1/STM32CubeIDE/plugins/com.st.stm32cube.ide.mcu.externaltools.gnu-tools-for-stm32.11.3.rel1.win32_1.1.100.202309141235/tools/bin/../lib/gcc/arm-none-eabi/11.3.1/../../../../arm-none-eabi/lib/thumb/v7-m/nofp\libc_nano.a(libc_a-fprintf.o)
 .ARM.attributes
                0x0000000000000622       0x2d C:/ST/STM32CubeIDE_1.14.1/STM32CubeIDE/plugins/com.st.stm32cube.ide.mcu.externaltools.gnu-tools-for-stm32.11.3.rel1.win32_1.1.100.202309141235/tools/bin/../lib/gcc/arm-none-eabi/11.3.1/../../../../arm-none-eabi/lib/thumb/v7-m/nofp\libc_nano.a(libc_a-sbrkr.o)
 .ARM.attributes
                0x000000000000064f       0x2d C:/ST/STM32CubeIDE_1.14.1/STM32CubeIDE/plugins/com.st.stm32cube.ide.mcu.externaltools.gnu-tools-for-stm32.11.3.rel1.win32_1.1.100.202309141235/tools/bin/../lib/gcc/arm-none-eabi/11.3.1/../../../../arm-none-eabi/lib/thumb/v7-m/nofp\libc_nano.a(libc_a-abort.o)
 .ARM.attributes
                0x000000000000067c       0x2d C:/ST/STM32CubeIDE_1.14.1/STM32CubeIDE/plugins/com.st.stm32cube.ide.mcu.externaltools.gnu-tools-for-stm32.11.3.rel1.win32_1.1.100.202309141235/tools/bin/../lib/gcc/arm-none-eabi/11.3.1/../../../../arm-none-eabi/lib/thumb/v7-m/nofp\libc_nano.a(libc_a-nano-vfprintf.o)
 .ARM.attributes
                0x00000000000006a9       0x2d C:/ST/STM32CubeIDE_1.14.1/STM32CubeIDE/plugins/com.st.stm32cube.ide.mcu.externaltools.gnu-tools-for-stm32.11.3.rel1.win32_1.1.100.202309141235/tools/bin/../lib/gcc/arm-none-eabi/11.3.1/../../../../arm-none-eabi/lib/thumb/v7-m/nofp\libc_nano.a(libc_a-nano-vfprintf_i.o)
 .ARM.attributes
                0x00000000000006d6       0x2d C:/ST/STM32CubeIDE_1.14.1/STM32CubeIDE/plugins/com.st.stm32cube.ide.mcu.externaltools.gnu-tools-for-stm32.11.3.rel1.win32_1.1.100.202309141235/tools/bin/../lib/gcc/arm-none-eabi/11.3.1/../../../../arm-none-eabi/lib/thumb/v7-m/nofp\libc_nano.a(libc_a-wbuf.o)
 .ARM.attributes
                0x0000000000000703       0x2d C:/ST/STM32CubeIDE_1.14.1/STM32CubeIDE/plugins/com.st.stm32cube.ide.mcu.externaltools.gnu-tools-for-stm32.11.3.rel1.win32_1.1.100.202309141235/tools/bin/../lib/gcc/arm-none-eabi/11.3.1/../../../../arm-none-eabi/lib/thumb/v7-m/nofp\libc_nano.a(libc_a-wsetup.o)
 .ARM.attributes
                0x0000000000000730       0x2d C:/ST/STM32CubeIDE_1.14.1/STM32CubeIDE/plugins/com.st.stm32cube.ide.mcu.externaltools.gnu-tools-for-stm32.11.3.rel1.win32_1.1.100.202309141235/tools/bin/../lib/gcc/arm-none-eabi/11.3.1/../../../../arm-none-eabi/lib/thumb/v7-m/nofp\libc_nano.a(libc_a-signal.o)
 .ARM.attributes
                0x000000000000075d       0x2d C:/ST/STM32CubeIDE_1.14.1/STM32CubeIDE/plugins/com.st.stm32cube.ide.mcu.externaltools.gnu-tools-for-stm32.11.3.rel1.win32_1.1.100.202309141235/tools/bin/../lib/gcc/arm-none-eabi/11.3.1/../../../../arm-none-eabi/lib/thumb/v7-m/nofp\libc_nano.a(libc_a-signalr.o)
 .ARM.attributes
                0x000000000000078a       0x2d C:/ST/STM32CubeIDE_1.14.1/STM32CubeIDE/plugins/com.st.stm32cube.ide.mcu.externaltools.gnu-tools-for-stm32.11.3.rel1.win32_1.1.100.202309141235/tools/bin/../lib/gcc/arm-none-eabi/11.3.1/../../../../arm-none-eabi/lib/thumb/v7-m/nofp\libc_nano.a(libc_a-memchr-stub.o)
 .ARM.attributes
                0x00000000000007b7       0x2d C:/ST/STM32CubeIDE_1.14.1/STM32CubeIDE/plugins/com.st.stm32cube.ide.mcu.externaltools.gnu-tools-for-stm32.11.3.rel1.win32_1.1.100.202309141235/tools/bin/../lib/gcc/arm-none-eabi/11.3.1/../../../../arm-none-eabi/lib/thumb/v7-m/nofp\libc_nano.a(libc_a-makebuf.o)
 .ARM.attributes
                0x00000000000007e4       0x2d C:/ST/STM32CubeIDE_1.14.1/STM32CubeIDE/plugins/com.st.stm32cube.ide.mcu.externaltools.gnu-tools-for-stm32.11.3.rel1.win32_1.1.100.202309141235/tools/bin/../lib/gcc/arm-none-eabi/11.3.1/../../../../arm-none-eabi/lib/thumb/v7-m/nofp\libc_nano.a(libc_a-fstatr.o)
 .ARM.attributes
                0x0000000000000811       0x2d C:/ST/STM32CubeIDE_1.14.1/STM32CubeIDE/plugins/com.st.stm32cube.ide.mcu.externaltools.gnu-tools-for-stm32.11.3.rel1.win32_1.1.100.202309141235/tools/bin/../lib/gcc/arm-none-eabi/11.3.1/../../../../arm-none-eabi/lib/thumb/v7-m/nofp\libc_nano.a(libc_a-isattyr.o)
 .ARM.attributes
                0x000000000000083e       0x2d C:/ST/STM32CubeIDE_1.14.1/STM32CubeIDE/plugins/com.st.stm32cube.ide.mcu.externaltools.gnu-tools-for-stm32.11.3.rel1.win32_1.1.100.202309141235/tools/bin/../lib/gcc/arm-none-eabi/11.3.1/../../../../arm-none-eabi/lib/thumb/v7-m/nofp\libnosys.a(close.o)
 .ARM.attributes
                0x000000000000086b       0x2d C:/ST/STM32CubeIDE_1.14.1/STM32CubeIDE/plugins/com.st.stm32cube.ide.mcu.externaltools.gnu-tools-for-stm32.11.3.rel1.win32_1.1.100.202309141235/tools/bin/../lib/gcc/arm-none-eabi/11.3.1/../../../../arm-none-eabi/lib/thumb/v7-m/nofp\libnosys.a(fstat.o)
 .ARM.attributes
                0x0000000000000898       0x2d C:/ST/STM32CubeIDE_1.14.1/STM32CubeIDE/plugins/com.st.stm32cube.ide.mcu.externaltools.gnu-tools-for-stm32.11.3.rel1.win32_1.1.100.202309141235/tools/bin/../lib/gcc/arm-none-eabi/11.3.1/../../../../arm-none-eabi/lib/thumb/v7-m/nofp\libnosys.a(getpid.o)
 .ARM.attributes
                0x00000000000008c5       0x2d C:/ST/STM32CubeIDE_1.14.1/STM32CubeIDE/plugins/com.st.stm32cube.ide.mcu.externaltools.gnu-tools-for-stm32.11.3.rel1.win32_1.1.100.202309141235/tools/bin/../lib/gcc/arm-none-eabi/11.3.1/../../../../arm-none-eabi/lib/thumb/v7-m/nofp\libnosys.a(gettod.o)
 .ARM.attributes
                0x00000000000008f2       0x2d C:/ST/STM32CubeIDE_1.14.1/STM32CubeIDE/plugins/com.st.stm32cube.ide.mcu.externaltools.gnu-tools-for-stm32.11.3.rel1.win32_1.1.100.202309141235/tools/bin/../lib/gcc/arm-none-eabi/11.3.1/../../../../arm-none-eabi/lib/thumb/v7-m/nofp\libnosys.a(isatty.o)
 .ARM.attributes
                0x000000000000091f       0x2d C:/ST/STM32CubeIDE_1.14.1/STM32CubeIDE/plugins/com.st.stm32cube.ide.mcu.externaltools.gnu-tools-for-stm32.11.3.rel1.win32_1.1.100.202309141235/tools/bin/../lib/gcc/arm-none-eabi/11.3.1/../../../../arm-none-eabi/lib/thumb/v7-m/nofp\libnosys.a(kill.o)
 .ARM.attributes
                0x000000000000094c       0x2d C:/ST/STM32CubeIDE_1.14.1/STM32CubeIDE/plugins/com.st.stm32cube.ide.mcu.externaltools.gnu-tools-for-stm32.11.3.rel1.win32_1.1.100.202309141235/tools/bin/../lib/gcc/arm-none-eabi/11.3.1/../../../../arm-none-eabi/lib/thumb/v7-m/nofp\libnosys.a(lseek.o)
 .ARM.attributes
                0x0000000000000979       0x2d C:/ST/STM32CubeIDE_1.14.1/STM32CubeIDE/plugins/com.st.stm32cube.ide.mcu.externaltools.gnu-tools-for-stm32.11.3.rel1.win32_1.1.100.202309141235/tools/bin/../lib/gcc/arm-none-eabi/11.3.1/../../../../arm-none-eabi/lib/thumb/v7-m/nofp\libnosys.a(read.o)
 .ARM.attributes
                0x00000000000009a6       0x2d C:/ST/STM32CubeIDE_1.14.1/STM32CubeIDE/plugins/com.st.stm32cube.ide.mcu.externaltools.gnu-tools-for-stm32.11.3.rel1.win32_1.1.100.202309141235/tools/bin/../lib/gcc/arm-none-eabi/11.3.1/../../../../arm-none-eabi/lib/thumb/v7-m/nofp\libnosys.a(sbrk.o)
 .ARM.attributes
                0x00000000000009d3       0x2d C:/ST/STM32CubeIDE_1.14.1/STM32CubeIDE/plugins/com.st.stm32cube.ide.mcu.externaltools.gnu-tools-for-stm32.11.3.rel1.win32_1.1.100.202309141235/tools/bin/../lib/gcc/arm-none-eabi/11.3.1/../../../../arm-none-eabi/lib/thumb/v7-m/nofp\libnosys.a(write.o)
 .ARM.attributes
                0x0000000000000a00       0x2d C:/ST/STM32CubeIDE_1.14.1/STM32CubeIDE/plugins/com.st.stm32cube.ide.mcu.externaltools.gnu-tools-for-stm32.11.3.rel1.win32_1.1.100.202309141235/tools/bin/../lib/gcc/arm-none-eabi/11.3.1/../../../../arm-none-eabi/lib/thumb/v7-m/nofp\libnosys.a(_exit.o)
 .ARM.attributes
                0x0000000000000a2d       0x1d C:/ST/STM32CubeIDE_1.14.1/STM32CubeIDE/plugins/com.st.stm32cube.ide.mcu.externaltools.gnu-tools-for-stm32.11.3.rel1.win32_1.1.100.202309141235/tools/bin/../lib/gcc/arm-none-eabi/11.3.1/thumb/v7-m/nofp/crtn.o
OUTPUT(CAN.elf elf32-littlearm)
LOAD linker stubs
LOAD C:/ST/STM32CubeIDE_1.14.1/STM32CubeIDE/plugins/com.st.stm32cube.ide.mcu.externaltools.gnu-tools-for-stm32.11.3.rel1.win32_1.1.100.202309141235/tools/bin/../lib/gcc/arm-none-eabi/11.3.1/../../../../arm-none-eabi/lib/thumb/v7-m/nofp\libc.a
LOAD C:/ST/STM32CubeIDE_1.14.1/STM32CubeIDE/plugins/com.st.stm32cube.ide.mcu.externaltools.gnu-tools-for-stm32.11.3.rel1.win32_1.1.100.202309141235/tools/bin/../lib/gcc/arm-none-eabi/11.3.1/../../../../arm-none-eabi/lib/thumb/v7-m/nofp\libm.a
LOAD C:/ST/STM32CubeIDE_1.14.1/STM32CubeIDE/plugins/com.st.stm32cube.ide.mcu.externaltools.gnu-tools-for-stm32.11.3.rel1.win32_1.1.100.202309141235/tools/bin/../lib/gcc/arm-none-eabi/11.3.1/thumb/v7-m/nofp\libgcc.a

.comment        0x0000000000000000       0x43
 .comment       0x0000000000000000       0x43 C:/ST/STM32CubeIDE_1.14.1/STM32CubeIDE/plugins/com.st.stm32cube.ide.mcu.externaltools.gnu-tools-for-stm32.11.3.rel1.win32_1.1.100.202309141235/tools/bin/../lib/gcc/arm-none-eabi/11.3.1/thumb/v7-m/nofp/crtbegin.o
                                         0x44 (size before relaxing)
 .comment       0x0000000000000043       0x44 ./Core/CAN/CAN_program.o
 .comment       0x0000000000000043       0x44 ./Core/CAN_TP/CANTP_program.o
 .comment       0x0000000000000043       0x44 ./Core/GPIO/GPIO_program.o
 .comment       0x0000000000000043       0x44 ./Core/GPIO/RCC_program.o
 .comment       0x0000000000000043       0x44 ./Core/NVIC/NVIC_program.o
 .comment       0x0000000000000043       0x44 ./Core/SYSTICK/SYSTICK_program.o
 .comment       0x0000000000000043       0x44 ./Core/Src/encryption_lib.o
 .comment       0x0000000000000043       0x44 ./Core/Src/main.o
 .comment       0x0000000000000043       0x44 ./Core/UART/USRT_program.o
 .comment       0x0000000000000043       0x44 ./Core/UDSM/UDSM_program.o

.debug_info     0x0000000000000000     0x2bb9
 .debug_info    0x0000000000000000      0xbd8 ./Core/CAN/CAN_program.o
 .debug_info    0x0000000000000bd8      0x3eb ./Core/CAN_TP/CANTP_program.o
 .debug_info    0x0000000000000fc3      0x1a0 ./Core/GPIO/GPIO_program.o
 .debug_info    0x0000000000001163       0xe5 ./Core/GPIO/RCC_program.o
 .debug_info    0x0000000000001248      0x195 ./Core/NVIC/NVIC_program.o
 .debug_info    0x00000000000013dd      0x166 ./Core/SYSTICK/SYSTICK_program.o
 .debug_info    0x0000000000001543      0x35c ./Core/Src/encryption_lib.o
 .debug_info    0x000000000000189f       0xb7 ./Core/Src/main.o
 .debug_info    0x0000000000001956       0x23 ./Core/Startup/startup_stm32f103c8tx.o
 .debug_info    0x0000000000001979      0x4c1 ./Core/UART/USRT_program.o
 .debug_info    0x0000000000001e3a      0xd7f ./Core/UDSM/UDSM_program.o

.debug_abbrev   0x0000000000000000      0xe78
 .debug_abbrev  0x0000000000000000      0x323 ./Core/CAN/CAN_program.o
 .debug_abbrev  0x0000000000000323      0x1bd ./Core/CAN_TP/CANTP_program.o
 .debug_abbrev  0x00000000000004e0       0xa7 ./Core/GPIO/GPIO_program.o
 .debug_abbrev  0x0000000000000587       0x79 ./Core/GPIO/RCC_program.o
 .debug_abbrev  0x0000000000000600       0xa9 ./Core/NVIC/NVIC_program.o
 .debug_abbrev  0x00000000000006a9      0x10e ./Core/SYSTICK/SYSTICK_program.o
 .debug_abbrev  0x00000000000007b7      0x16b ./Core/Src/encryption_lib.o
 .debug_abbrev  0x0000000000000922       0x84 ./Core/Src/main.o
 .debug_abbrev  0x00000000000009a6       0x12 ./Core/Startup/startup_stm32f103c8tx.o
 .debug_abbrev  0x00000000000009b8      0x1e3 ./Core/UART/USRT_program.o
 .debug_abbrev  0x0000000000000b9b      0x2dd ./Core/UDSM/UDSM_program.o

.debug_aranges  0x0000000000000000      0x498
 .debug_aranges
                0x0000000000000000      0x148 ./Core/CAN/CAN_program.o
 .debug_aranges
                0x0000000000000148       0x48 ./Core/CAN_TP/CANTP_program.o
 .debug_aranges
                0x0000000000000190       0x40 ./Core/GPIO/GPIO_program.o
 .debug_aranges
                0x00000000000001d0       0x30 ./Core/GPIO/RCC_program.o
 .debug_aranges
                0x0000000000000200       0x48 ./Core/NVIC/NVIC_program.o
 .debug_aranges
                0x0000000000000248       0x48 ./Core/SYSTICK/SYSTICK_program.o
 .debug_aranges
                0x0000000000000290       0x50 ./Core/Src/encryption_lib.o
 .debug_aranges
                0x00000000000002e0       0x20 ./Core/Src/main.o
 .debug_aranges
                0x0000000000000300       0x28 ./Core/Startup/startup_stm32f103c8tx.o
 .debug_aranges
                0x0000000000000328       0xa8 ./Core/UART/USRT_program.o
 .debug_aranges
                0x00000000000003d0       0xc8 ./Core/UDSM/UDSM_program.o

.debug_rnglists
                0x0000000000000000      0x355
 .debug_rnglists
                0x0000000000000000       0xf9 ./Core/CAN/CAN_program.o
 .debug_rnglists
                0x00000000000000f9       0x33 ./Core/CAN_TP/CANTP_program.o
 .debug_rnglists
                0x000000000000012c       0x2d ./Core/GPIO/GPIO_program.o
 .debug_rnglists
                0x0000000000000159       0x21 ./Core/GPIO/RCC_program.o
 .debug_rnglists
                0x000000000000017a       0x31 ./Core/NVIC/NVIC_program.o
 .debug_rnglists
                0x00000000000001ab       0x31 ./Core/SYSTICK/SYSTICK_program.o
 .debug_rnglists
                0x00000000000001dc       0x38 ./Core/Src/encryption_lib.o
 .debug_rnglists
                0x0000000000000214       0x13 ./Core/Src/main.o
 .debug_rnglists
                0x0000000000000227       0x19 ./Core/Startup/startup_stm32f103c8tx.o
 .debug_rnglists
                0x0000000000000240       0x7b ./Core/UART/USRT_program.o
 .debug_rnglists
                0x00000000000002bb       0x9a ./Core/UDSM/UDSM_program.o

.debug_macro    0x0000000000000000     0x1c2e
 .debug_macro   0x0000000000000000       0x89 ./Core/CAN/CAN_program.o
 .debug_macro   0x0000000000000089       0x34 ./Core/CAN/CAN_program.o
 .debug_macro   0x00000000000000bd       0x28 ./Core/CAN/CAN_program.o
 .debug_macro   0x00000000000000e5       0xe2 ./Core/CAN/CAN_program.o
 .debug_macro   0x00000000000001c7      0x13c ./Core/CAN/CAN_program.o
 .debug_macro   0x0000000000000303       0x3a ./Core/CAN/CAN_program.o
 .debug_macro   0x000000000000033d       0x2e ./Core/CAN/CAN_program.o
 .debug_macro   0x000000000000036b       0x83 ./Core/CAN_TP/CANTP_program.o
 .debug_macro   0x00000000000003ee       0x40 ./Core/GPIO/GPIO_program.o
 .debug_macro   0x000000000000042e       0x76 ./Core/GPIO/GPIO_program.o
 .debug_macro   0x00000000000004a4       0x3f ./Core/GPIO/RCC_program.o
 .debug_macro   0x00000000000004e3       0x88 ./Core/GPIO/RCC_program.o
 .debug_macro   0x000000000000056b       0x10 ./Core/GPIO/RCC_program.o
 .debug_macro   0x000000000000057b       0x40 ./Core/NVIC/NVIC_program.o
 .debug_macro   0x00000000000005bb       0x58 ./Core/NVIC/NVIC_program.o
 .debug_macro   0x0000000000000613       0x40 ./Core/SYSTICK/SYSTICK_program.o
 .debug_macro   0x0000000000000653       0x1c ./Core/SYSTICK/SYSTICK_program.o
 .debug_macro   0x000000000000066f       0x10 ./Core/SYSTICK/SYSTICK_program.o
 .debug_macro   0x000000000000067f      0x119 ./Core/Src/encryption_lib.o
 .debug_macro   0x0000000000000798       0x22 ./Core/Src/encryption_lib.o
 .debug_macro   0x00000000000007ba       0x5b ./Core/Src/encryption_lib.o
 .debug_macro   0x0000000000000815       0x24 ./Core/Src/encryption_lib.o
 .debug_macro   0x0000000000000839       0x94 ./Core/Src/encryption_lib.o
 .debug_macro   0x00000000000008cd       0x43 ./Core/Src/encryption_lib.o
 .debug_macro   0x0000000000000910       0x34 ./Core/Src/encryption_lib.o
 .debug_macro   0x0000000000000944      0x174 ./Core/Src/encryption_lib.o
 .debug_macro   0x0000000000000ab8       0x16 ./Core/Src/encryption_lib.o
 .debug_macro   0x0000000000000ace       0x43 ./Core/Src/encryption_lib.o
 .debug_macro   0x0000000000000b11       0x57 ./Core/Src/encryption_lib.o
 .debug_macro   0x0000000000000b68       0x34 ./Core/Src/encryption_lib.o
 .debug_macro   0x0000000000000b9c       0x10 ./Core/Src/encryption_lib.o
 .debug_macro   0x0000000000000bac       0x58 ./Core/Src/encryption_lib.o
 .debug_macro   0x0000000000000c04       0x8e ./Core/Src/encryption_lib.o
 .debug_macro   0x0000000000000c92       0x1c ./Core/Src/encryption_lib.o
 .debug_macro   0x0000000000000cae      0x177 ./Core/Src/encryption_lib.o
 .debug_macro   0x0000000000000e25      0x369 ./Core/Src/encryption_lib.o
 .debug_macro   0x000000000000118e       0x10 ./Core/Src/encryption_lib.o
 .debug_macro   0x000000000000119e       0x35 ./Core/Src/encryption_lib.o
 .debug_macro   0x00000000000011d3       0x20 ./Core/Src/encryption_lib.o
 .debug_macro   0x00000000000011f3       0x79 ./Core/Src/main.o
 .debug_macro   0x000000000000126c       0x72 ./Core/UART/USRT_program.o
 .debug_macro   0x00000000000012de       0x28 ./Core/UART/USRT_program.o
 .debug_macro   0x0000000000001306       0x16 ./Core/UART/USRT_program.o
 .debug_macro   0x000000000000131c      0x24b ./Core/UDSM/UDSM_program.o
 .debug_macro   0x0000000000001567       0x16 ./Core/UDSM/UDSM_program.o
 .debug_macro   0x000000000000157d      0x10e ./Core/UDSM/UDSM_program.o
 .debug_macro   0x000000000000168b       0x8d ./Core/UDSM/UDSM_program.o
 .debug_macro   0x0000000000001718       0x16 ./Core/UDSM/UDSM_program.o
 .debug_macro   0x000000000000172e       0x29 ./Core/UDSM/UDSM_program.o
 .debug_macro   0x0000000000001757       0x1c ./Core/UDSM/UDSM_program.o
 .debug_macro   0x0000000000001773       0x10 ./Core/UDSM/UDSM_program.o
 .debug_macro   0x0000000000001783       0x1c ./Core/UDSM/UDSM_program.o
 .debug_macro   0x000000000000179f       0x16 ./Core/UDSM/UDSM_program.o
 .debug_macro   0x00000000000017b5      0x147 ./Core/UDSM/UDSM_program.o
 .debug_macro   0x00000000000018fc       0x16 ./Core/UDSM/UDSM_program.o
 .debug_macro   0x0000000000001912       0x10 ./Core/UDSM/UDSM_program.o
 .debug_macro   0x0000000000001922       0x10 ./Core/UDSM/UDSM_program.o
 .debug_macro   0x0000000000001932       0x10 ./Core/UDSM/UDSM_program.o
 .debug_macro   0x0000000000001942       0x6a ./Core/UDSM/UDSM_program.o
 .debug_macro   0x00000000000019ac       0x1c ./Core/UDSM/UDSM_program.o
 .debug_macro   0x00000000000019c8       0x52 ./Core/UDSM/UDSM_program.o
 .debug_macro   0x0000000000001a1a       0x22 ./Core/UDSM/UDSM_program.o
 .debug_macro   0x0000000000001a3c       0x10 ./Core/UDSM/UDSM_program.o
 .debug_macro   0x0000000000001a4c       0x52 ./Core/UDSM/UDSM_program.o
 .debug_macro   0x0000000000001a9e       0xc1 ./Core/UDSM/UDSM_program.o
 .debug_macro   0x0000000000001b5f       0x1c ./Core/UDSM/UDSM_program.o
 .debug_macro   0x0000000000001b7b       0x3d ./Core/UDSM/UDSM_program.o
 .debug_macro   0x0000000000001bb8       0x35 ./Core/UDSM/UDSM_program.o
 .debug_macro   0x0000000000001bed       0x41 ./Core/UDSM/UDSM_program.o

.debug_line     0x0000000000000000     0x34e5
 .debug_line    0x0000000000000000      0xab6 ./Core/CAN/CAN_program.o
 .debug_line    0x0000000000000ab6      0x4f5 ./Core/CAN_TP/CANTP_program.o
 .debug_line    0x0000000000000fab      0x2de ./Core/GPIO/GPIO_program.o
 .debug_line    0x0000000000001289      0x144 ./Core/GPIO/RCC_program.o
 .debug_line    0x00000000000013cd      0x1e9 ./Core/NVIC/NVIC_program.o
 .debug_line    0x00000000000015b6      0x188 ./Core/SYSTICK/SYSTICK_program.o
 .debug_line    0x000000000000173e      0x7af ./Core/Src/encryption_lib.o
 .debug_line    0x0000000000001eed      0x249 ./Core/Src/main.o
 .debug_line    0x0000000000002136       0x78 ./Core/Startup/startup_stm32f103c8tx.o
 .debug_line    0x00000000000021ae      0x4ab ./Core/UART/USRT_program.o
 .debug_line    0x0000000000002659      0xe8c ./Core/UDSM/UDSM_program.o

.debug_str      0x0000000000000000     0xa5e6
 .debug_str     0x0000000000000000     0x4142 ./Core/CAN/CAN_program.o
                                       0x41cf (size before relaxing)
 .debug_str     0x0000000000004142      0x154 ./Core/CAN_TP/CANTP_program.o
                                       0x393d (size before relaxing)
 .debug_str     0x0000000000004296      0x3fd ./Core/GPIO/GPIO_program.o
                                       0x34ed (size before relaxing)
 .debug_str     0x0000000000004693      0x33b ./Core/GPIO/RCC_program.o
                                       0x320c (size before relaxing)
 .debug_str     0x00000000000049ce      0x3ad ./Core/NVIC/NVIC_program.o
                                       0x3290 (size before relaxing)